[mitsubishisavico.com.vn/index.html]
[backblue.gif]
[fade.gif]
[index.html]
[mitsubishisavico.com.vn/public/img/favicon.png]
[mitsubishisavico.com.vn/public/js/vendor/jquery.js]
[mitsubishisavico.com.vn/public/css/combined.css]
[mitsubishisavico.com.vn/gioi-thieu/index.html]
[mitsubishisavico.com.vn/w/wp-content/uploads/2017/04/Logo.png]
[mitsubishisavico.com.vn/san-pham/mirage/index.html]
[www.mitsubishi-motors.com.vn/w/wp-content/uploads/2017/05/mirageed8d.png]
[mitsubishisavico.com.vn/san-pham/attrage/index.html]
[www.mitsubishi-motors.com.vn/w/wp-content/uploads/2017/05/attrageed8d.png]
[mitsubishisavico.com.vn/san-pham/outlander/index.html]
[mitsubishisavico.com.vn/san-pham/pajero-sport/index.html]
[www.mitsubishi-motors.com.vn/w/wp-content/uploads/2017/05/outlandered8d.png]
[www.mitsubishi-motors.com.vn/w/wp-content/uploads/2017/05/new-pajero-sported8d.png]
[mitsubishisavico.com.vn/san-pham/triton/index.html]
[mitsubishisavico.com.vn/san-pham/all-new-xpander1/index.html]
[www.mitsubishi-motors.com.vn/w/wp-content/uploads/2017/05/tritoned8d.png]
[mitsubishisavico.com.vn/bang-gia/index.html]
[www.mitsubishi-motors.com.vn/w/wp-content/uploads/2018/08/xpandered8d.png]
[mitsubishisavico.com.vn/mua-xe/mua-xe-tra-gop/index.html]
[mitsubishisavico.com.vn/mua-xe/mua-xe-theo-lo/index.html]
[mitsubishisavico.com.vn/w/wp-content/uploads/2018/08/Xpander_HeroBannerMMV.jpg]
[mitsubishisavico.com.vn/mua-xe/quy-trinh-mua-xe/index.html]
[mitsubishisavico.com.vn/w/wp-content/uploads/2017/04/Su-Kien-Dai-Ly-1.png]
[mitsubishisavico.com.vn/mua-xe/dang-ky-lai-thu/index.html]
[mitsubishisavico.com.vn/w/wp-content/uploads/2017/04/link-3.jpg]
[mitsubishisavico.com.vn/mua-xe/bao-gia-chi-tiet/index.html]
[mitsubishisavico.com.vn/w/wp-content/uploads/2017/04/Baner-2-1.png]
[mitsubishisavico.com.vn/tin-tuc/dich-vu-cham-soc-gian-lanh-dieu-hoa-o-to-n533.html]
[mitsubishisavico.com.vn/dich-vu-hau-mai/gioi-thieu-dich-vu/index.html]
[mitsubishisavico.com.vn/dich-vu-hau-mai/bao-duong-dinh-ky/index.html]
[mitsubishisavico.com.vn/dich-vu-hau-mai/sua-chua/index.html]
[www.mitsubishi-motors.com.vn/w/wp-content/uploads/2017/05/mirage.png]
[mitsubishisavico.com.vn/dich-vu-hau-mai/chinh-sach-bao-hanh/index.html]
[www.mitsubishi-motors.com.vn/w/wp-content/uploads/2017/05/attrage.png]
[mitsubishisavico.com.vn/dich-vu-hau-mai/phu-tung-chinh-hieu/index.html]
[www.mitsubishi-motors.com.vn/w/wp-content/uploads/2017/05/outlander.png]
[mitsubishisavico.com.vn/dich-vu-hau-mai/dat-lich-bao-duong/index.html]
[www.mitsubishi-motors.com.vn/w/wp-content/uploads/2017/05/new-pajero-sport.png]
[mitsubishisavico.com.vn/tin-tuc/su-kien-noi-bat-c2/index.html]
[www.mitsubishi-motors.com.vn/w/wp-content/uploads/2017/05/triton.png]
[mitsubishisavico.com.vn/tin-tuc/tin-khuyen-mai-c5/index.html]
[www.mitsubishi-motors.com.vn/w/wp-content/uploads/2018/08/xpander.png]
[mitsubishisavico.com.vn/tin-tuc/tin-tong-hop-c3/index.html]
[mitsubishisavico.com.vn/w/wp-content/uploads/2017/04/google-map-da-nang.png]
[mitsubishisavico.com.vn/tin-tuc/tin-tuyen-dung-c4/index.html]
[mitsubishisavico.com.vn/public/img/home/intro-1.png]
[mitsubishisavico.com.vn/w/wp-content/uploads/2017/12/Web.jpg]
[mitsubishisavico.com.vn/lien-he/index.html]
[mitsubishisavico.com.vn/khuyen-mai/index.html]
[mitsubishisavico.com.vn/public/img/home/intro-2.png]
[mitsubishisavico.com.vn/public/img/home/intro-3.png]
[mitsubishisavico.com.vn/public/img/home/intro-4.png]
[mitsubishisavico.com.vn/public/js/theme/combined.js]
[mitsubishisavico.com.vn/public/js/theme/home-page.js]
[mitsubishisavico.com.vn/index.html]
[mitsubishisavico.com.vn/san-pham/pajero1/index.html]
[mitsubishisavico.com.vn/san-pham/outlander-sport/index.html]
[mitsubishisavico.com.vn/san-pham/pajero-sport1/index.html]
[mitsubishisavico.com.vn/public/fonts/glyphicons-halflings-regular.eot]
[mitsubishisavico.com.vn/dich-vu-hau-mai/cuu-ho-giao-thong/index.html]
[mitsubishisavico.com.vn/public/fonts/glyphicons-halflings-regulard41d.eot]
[mitsubishisavico.com.vn/public/fonts/glyphicons-halflings-regular.woff2]
[mitsubishisavico.com.vn/public/fonts/glyphicons-halflings-regular.woff]
[mitsubishisavico.com.vn/public/fonts/glyphicons-halflings-regular.ttf]
[mitsubishisavico.com.vn/public/fonts/glyphicons-halflings-regular.svg]
[mitsubishisavico.com.vn/public/fonts/font-awesome/fontawesome-webfont.eot]
[mitsubishisavico.com.vn/public/fonts/font-awesome/fontawesome-webfontd41d.eot]
[mitsubishisavico.com.vn/public/fonts/font-awesome/fontawesome-webfont.woff]
[mitsubishisavico.com.vn/public/fonts/font-awesome/fontawesome-webfont.ttf]
[mitsubishisavico.com.vn/public/fonts/slick/slick.eot]
[mitsubishisavico.com.vn/public/fonts/slick/slickd41d.eot]
[mitsubishisavico.com.vn/public/fonts/slick/slick.woff]
[mitsubishisavico.com.vn/public/fonts/slick/slick.ttf]
[mitsubishisavico.com.vn/public/img/ajax-loader.gif]
[mitsubishisavico.com.vn/public/css/images/animated-overlay.gif]
[mitsubishisavico.com.vn/public/css/images/ui-bg_highlight-soft_100_eeeeee_1x100.png]
[mitsubishisavico.com.vn/public/css/images/ui-bg_gloss-wave_35_f6a828_500x100.png]
[mitsubishisavico.com.vn/public/css/images/ui-bg_glass_100_f6f6f6_1x400.png]
[mitsubishisavico.com.vn/public/css/images/ui-bg_glass_100_fdf5ce_1x400.png]
[mitsubishisavico.com.vn/public/css/images/ui-bg_glass_65_ffffff_1x400.png]
[mitsubishisavico.com.vn/public/css/images/ui-bg_highlight-soft_75_ffe45c_1x100.png]
[mitsubishisavico.com.vn/public/css/images/ui-bg_diagonals-thick_18_b81900_40x40.png]
[mitsubishisavico.com.vn/public/css/images/ui-icons_222222_256x240.png]
[mitsubishisavico.com.vn/public/css/images/ui-icons_ffffff_256x240.png]
[mitsubishisavico.com.vn/public/css/images/ui-icons_ef8c08_256x240.png]
[mitsubishisavico.com.vn/public/css/images/ui-icons_228ef1_256x240.png]
[mitsubishisavico.com.vn/public/css/images/ui-icons_ffd27a_256x240.png]
[mitsubishisavico.com.vn/public/css/images/ui-bg_diagonals-thick_20_666666_40x40.png]
[mitsubishisavico.com.vn/public/css/images/ui-bg_flat_10_000000_40x100.png]
[mitsubishisavico.com.vn/public/img/icons/icon-satsco.png]
[mitsubishisavico.com.vn/public/img/icons/icon-arrow-down-white.png]
[mitsubishisavico.com.vn/public/img/icons/icon-info-small.png]
[mitsubishisavico.com.vn/public/img/pattern-overlay.png]
[mitsubishisavico.com.vn/public/img/jquery-fs-selecter-arrow-2.png]
[mitsubishisavico.com.vn/public/img/icons/icon-checkbox.png]
[mitsubishisavico.com.vn/public/img/icons/icon-radio.png]
[mitsubishisavico.com.vn/public/img/header-bg-mb.jpg]
[mitsubishisavico.com.vn/public/img/header-bg.jpg]
[mitsubishisavico.com.vn/public/img/product/bg-review.jpg]
[mitsubishisavico.com.vn/public/img/home/care-bg-mb.jpg]
[mitsubishisavico.com.vn/public/css/combined.css]
[www.googletagmanager.com/gtm5445.html]
[mitsubishisavico.com.vn/public/img/main-logo.svg]
[mitsubishisavico.com.vn/w/wp-content/uploads/2017/04/savico_Mitsubishi_danang_02-1.jpg]
[mitsubishisavico.com.vn/public/img/home/care-bg.jpg]
[mitsubishisavico.com.vn/w/wp-content/uploads/2017/04/savico_Mitsubishi_danang_01.jpg]
[mitsubishisavico.com.vn/w/wp-content/uploads/2017/04/savico_Mitsubishi_danang_03.jpg]
[mitsubishisavico.com.vn/w/wp-content/uploads/2017/04/savico_Mitsubishi_danang_04.jpg]
[mitsubishisavico.com.vn/w/wp-content/uploads/2017/04/savico_Mitsubishi_danang_05.jpg]
[mitsubishisavico.com.vn/tin-tuc/thong-bao-tuyen-dung-thang-12018-n600.html]
[mitsubishisavico.com.vn/w/wp-content/uploads/2017/04/savico_Mitsubishi_danang_06.jpg]
[mitsubishisavico.com.vn/gioi-thieu/index.html]
[www.mitsubishi-motors.com.vn/w/wp-content/uploads/2017/06/tiet-kiem-nhien-lieu.jpg]
[www.mitsubishi-motors.com.vn/w/wp-content/uploads/2017/06/van-hanh-linh-hoat.jpg]
[www.mitsubishi-motors.com.vn/w/wp-content/uploads/2017/06/rong-rai-tien-nghi.jpg]
[www.mitsubishi-motors.com.vn/public/images/product/line-360.png]
[mitsubishisavico.com.vn/public/img/tin-tuc/promotion-banner.jpg]
[www.mitsubishi-motors.com.vn/w/wp-content/uploads/2017/06/mirage-white-solid.png]
[www.mitsubishi-motors.com.vn/w/wp-content/uploads/2017/06/mirage-titanium.png]
[www.mitsubishi-motors.com.vn/w/wp-content/uploads/2017/06/mirage-silver.png]
[www.mitsubishi-motors.com.vn/w/wp-content/uploads/2017/06/mirage-orange.png]
[www.mitsubishi-motors.com.vn/w/wp-content/uploads/2017/06/mirage-red1.png]
[www.mitsubishi-motors.com.vn/w/wp-content/uploads/2017/06/mirage-purple.png]
[mitsubishisavico.com.vn/dang-ky-lai-thu/index190a.html]
[www.mitsubishi-motors.com.vn/w/wp-content/uploads/2017/06/dien-mao-moi.jpg]
[mitsubishisavico.com.vn/dai-ly/index.html]
[mitsubishisavico.com.vn/w/wp-content/uploads/2017/04/1920x800.png]
[www.mitsubishi-motors.com.vn/w/wp-content/uploads/2017/06/he-thong-kos-keyless-operation-system.jpg]
[www.mitsubishi-motors.com.vn/w/wp-content/uploads/2018/03/den-pha-hid-projector.jpg]
[www.mitsubishi-motors.com.vn/w/wp-content/uploads/2017/06/guong-chieu-hau-tich-hop-den-bao-re.jpg]
[www.mitsubishi-motors.com.vn/w/wp-content/uploads/2018/03/den-hau-led.jpg]
[www.mitsubishi-motors.com.vn/w/wp-content/uploads/2017/06/canh-luot-gio-duoi-xe.jpg]
[www.mitsubishi-motors.com.vn/w/wp-content/uploads/2017/06/mam-banh-xe-hop-kim-2-tong-mau.jpg]
[www.mitsubishi-motors.com.vn/w/wp-content/uploads/2017/06/can-truoc-vien-crom.jpg]
[www.mitsubishi-motors.com.vn/w/wp-content/uploads/2017/06/Noi-that-Mirage.jpg]
[www.mitsubishi-motors.com.vn/w/wp-content/uploads/2017/06/nut-bam-khoi-dong-oss-one-touch-starting-system.jpg]
[www.mitsubishi-motors.com.vn/w/wp-content/uploads/2017/06/dieu-hoa-tut-dong.jpg]
[www.mitsubishi-motors.com.vn/w/wp-content/uploads/2017/06/he-thong-giai-tri-cao-cap1.jpg]
[www.mitsubishi-motors.com.vn/w/wp-content/uploads/2017/06/man-hinh-hien-thi-da-thong-tin1.jpg]
[www.mitsubishi-motors.com.vn/w/wp-content/uploads/2017/06/cum-dong-ho1.jpg]
[www.mitsubishi-motors.com.vn/w/wp-content/uploads/2017/06/hop-chua-do-phia-sau.jpg]
[www.mitsubishi-motors.com.vn/w/wp-content/uploads/2017/06/cong-nghe-mivec.jpg]
[www.mitsubishi-motors.com.vn/w/wp-content/uploads/2017/06/ghe-gap-60-40.jpg]
[www.mitsubishi-motors.com.vn/w/wp-content/uploads/2017/06/hop-so-cvt-invecs-iii1.jpg]
[www.mitsubishi-motors.com.vn/w/wp-content/uploads/2017/06/ban-kinh-vong-quay-nho-4-6m.jpg]
[www.mitsubishi-motors.com.vn/w/wp-content/uploads/2017/06/vo-lang-tro-luc-dien.jpg]
[www.mitsubishi-motors.com.vn/w/wp-content/uploads/2017/06/thiet-ke-khi-dong-hoc.jpg]
[www.mitsubishi-motors.com.vn/w/wp-content/uploads/2017/06/thoai-mai-va-phan-khich-khi-cam-lai.jpg]
[www.mitsubishi-motors.com.vn/w/wp-content/uploads/2017/06/he-thong-phanh-abs.jpg]
[www.mitsubishi-motors.com.vn/w/wp-content/uploads/2017/06/he-thong-phanh-ebd.jpg]
[www.mitsubishi-motors.com.vn/w/wp-content/uploads/2017/06/thep-cuong-luc.jpg]
[www.mitsubishi-motors.com.vn/w/wp-content/uploads/2017/06/he-thong-tui-khi-an-toan.jpg]
[www.mitsubishi-motors.com.vn/w/wp-content/uploads/2017/06/he-thong-cang-dai-tu-dong.jpg]
[www.mitsubishi-motors.com.vn/w/wp-content/uploads/2017/06/he-thong-an-toan-chuan-muc.jpg]
[www.mitsubishi-motors.com.vn/w/wp-content/uploads/2017/06/cot-lai-tu-do-va-ban-dap-phanh-tu-do1.jpg]
[www.mitsubishi-motors.com.vn/w/wp-content/uploads/2017/06/catalog.jpg]
[www.mitsubishi-motors.com.vn/w/wp-content/uploads/2017/06/Mitsubishi-Mirage-2018-01-390x390.jpg]
[www.mitsubishi-motors.com.vn/w/wp-content/uploads/2017/06/Mitsubishi-Mirage-2018-06-390x390.jpg]
[www.mitsubishi-motors.com.vn/w/wp-content/uploads/2017/06/Mitsubishi-Mirage-2018-01.jpg]
[www.mitsubishi-motors.com.vn/w/wp-content/uploads/2017/06/Mitsubishi-Mirage-2018-05-390x390.jpg]
[www.mitsubishi-motors.com.vn/w/wp-content/uploads/2017/06/Mitsubishi-Mirage-2018-06.jpg]
[www.mitsubishi-motors.com.vn/w/wp-content/uploads/2017/06/Mitsubishi-Mirage-2018-04-390x390.jpg]
[www.mitsubishi-motors.com.vn/w/wp-content/uploads/2017/06/Mitsubishi-Mirage-2018-05.jpg]
[www.mitsubishi-motors.com.vn/w/wp-content/uploads/2017/06/Mitsubishi-Mirage-2018-04.jpg]
[www.mitsubishi-motors.com.vn/w/wp-content/uploads/2017/06/Mitsubishi-Mirage-2018-03-390x390.jpg]
[www.mitsubishi-motors.com.vn/w/wp-content/uploads/2017/06/Mitsubishi-Mirage-2018-02-390x390.jpg]
[www.mitsubishi-motors.com.vn/w/wp-content/uploads/2017/06/Mitsubishi-Mirage-2018-03.jpg]
[www.mitsubishi-motors.com.vn/w/wp-content/uploads/2017/06/Noi-that-Mitsubishi-Mirage-2018-390x390.jpg]
[www.mitsubishi-motors.com.vn/w/wp-content/uploads/2017/06/Noi-that-Mitsubishi-Mirage-2018.jpg]
[www.mitsubishi-motors.com.vn/w/wp-content/uploads/2017/06/Mitsubishi-Mirage-2018-07-390x390.jpg]
[www.mitsubishi-motors.com.vn/w/wp-content/uploads/2017/05/mirage_sosanhphienban_cam.png]
[www.mitsubishi-motors.com.vn/w/wp-content/uploads/2017/05/mirage_sosanhphienban_do.png]
[www.mitsubishi-motors.com.vn/w/wp-content/uploads/2017/06/Mitsubishi-Mirage-2018-07.jpg]
[www.mitsubishi-motors.com.vn/public/js/greensock-js/plugins/ScrollToPlugin.min.js]
[www.mitsubishi-motors.com.vn/w/wp-content/uploads/2017/06/Mitsubishi-Mirage-2018-02.jpg]
[www.mitsubishi-motors.com.vn/public/js/jquery.fancybox.js]
[www.mitsubishi-motors.com.vn/public/js/product-page442f.js]
[www.mitsubishi-motors.com.vn/public/js/estimate-price442f.js]
[www.mitsubishi-motors.com.vn/public/js/greensock-js/TweenMax.min.js]
[mitsubishisavico.com.vn/tin-tuc/-n597.html]
[mitsubishisavico.com.vn/tin-tuc/mitsubishi-viet-nam-gioi-thieu-4-phien-ban-eco-cua-mirage-va-attrage-gia-tu-380-trieu-n590.html]
[mitsubishisavico.com.vn/tin-tuc/chuong-trinh-uu-dai-trong-thang-122017-8220xe-moi-chao-xuan-moi8221-n581.html]
[mitsubishisavico.com.vn/w/wp-content/uploads/2017/12/480x300.png]
[mitsubishisavico.com.vn/tin-tuc/thu-thach-tiet-kiem-nhien-lieu-8211-eco-drive-challenge-cung-mitsubishi-mirage-8211-attrage-n461.html]
[mitsubishisavico.com.vn/w/wp-content/uploads/2017/06/mitsubishi-attrage-MT-3.jpg]
[mitsubishisavico.com.vn/san-pham/mirage/index.html]
[www.mitsubishi-motors.com.vn/w/wp-content/uploads/2017/06/nhap-khau-nguyen-chiec.jpg]
[www.mitsubishi-motors.com.vn/w/wp-content/uploads/2017/06/noi-that-rong-rai-tien-nghi.jpg]
[www.mitsubishi-motors.com.vn/w/wp-content/uploads/2017/06/tiet-kiem-nhien-lieu1.jpg]
[www.mitsubishi-motors.com.vn/w/wp-content/uploads/2017/06/light-red1.png]
[www.mitsubishi-motors.com.vn/w/wp-content/uploads/2017/06/titan1.png]
[www.mitsubishi-motors.com.vn/w/wp-content/uploads/2017/06/white-pearl1.png]
[www.mitsubishi-motors.com.vn/w/wp-content/uploads/2017/06/white-solid1.png]
[www.mitsubishi-motors.com.vn/w/wp-content/uploads/2017/06/loi-cuon-tu-phong-thai-lich-lam.jpg]
[mitsubishisavico.com.vn/dang-ky-lai-thu/indexe371.html]
[www.mitsubishi-motors.com.vn/w/wp-content/uploads/2017/06/luoi-tan-nhiet-ma-crom.jpg]
[www.mitsubishi-motors.com.vn/w/wp-content/uploads/2017/06/den-vien-suong-mu-ma-nhom.jpg]
[www.mitsubishi-motors.com.vn/w/wp-content/uploads/2017/06/den-bao-re-tich-hop-tren-guong.jpg]
[www.mitsubishi-motors.com.vn/w/wp-content/uploads/2017/06/mam-duc-hop-kim-15-inches.jpg]
[mitsubishisavico.com.vn/w/wp-content/uploads/2017/11/20171012_152604.jpg]
[www.mitsubishi-motors.com.vn/w/wp-content/uploads/2017/06/nut-bam-mo-cop-sau.jpg]
[www.mitsubishi-motors.com.vn/w/wp-content/uploads/2017/06/khoang-hanh-ly-dung-tich-lon-450l.jpg]
[www.mitsubishi-motors.com.vn/w/wp-content/uploads/2017/06/he-thong-chia-khoa-thong-minh.jpg]
[www.mitsubishi-motors.com.vn/w/wp-content/uploads/2017/06/P05-06_Main-Seat_Gene1.jpg]
[www.mitsubishi-motors.com.vn/w/wp-content/uploads/2017/06/he-thong-dieu-hoa-tu-dong2.jpg]
[www.mitsubishi-motors.com.vn/w/wp-content/uploads/2017/06/dvd-voi-man-hinh-cam-ung-6-cham-1-inches.jpg]
[www.mitsubishi-motors.com.vn/w/wp-content/uploads/2017/06/man-hinh-hien-thi-da-thong-tin2.jpg]
[www.mitsubishi-motors.com.vn/w/wp-content/uploads/2017/06/16ELL_Gene_GLS_seat_Blackleather1.jpg]
[www.mitsubishi-motors.com.vn/w/wp-content/uploads/2017/06/den-bao-eco.jpg]
[www.mitsubishi-motors.com.vn/w/wp-content/uploads/2017/06/moc-khoa-gan-ghe-tre-em.jpg]
[www.mitsubishi-motors.com.vn/w/wp-content/uploads/2017/06/cac-hoc-tien-ich.jpg]
[www.mitsubishi-motors.com.vn/w/wp-content/uploads/2017/06/P05-06_2ndSeat_Gene2.jpg]
[www.mitsubishi-motors.com.vn/w/wp-content/uploads/2017/06/cong-nghe-mivec1.jpg]
[www.mitsubishi-motors.com.vn/w/wp-content/uploads/2017/06/thach-thuc-moi-dia-hinh1.jpg]
[www.mitsubishi-motors.com.vn/w/wp-content/uploads/2017/06/vo-lang-tro-luc-dien1.jpg]
[www.mitsubishi-motors.com.vn/w/wp-content/uploads/2017/06/hop-so-cvt-invecs-iii2.jpg]
[www.mitsubishi-motors.com.vn/w/wp-content/uploads/2017/06/thiet-ke-khi-dong-hoc1.jpg]
[www.mitsubishi-motors.com.vn/w/wp-content/uploads/2017/06/ban-kinh-quay-vong-nho-4-cham-8m.jpg]
[www.mitsubishi-motors.com.vn/w/wp-content/uploads/2017/06/loi-cuon-tu-chuan-muc-an-toan.jpg]
[www.mitsubishi-motors.com.vn/w/wp-content/uploads/2017/06/he-thong-phanh-abs1.jpg]
[www.mitsubishi-motors.com.vn/w/wp-content/uploads/2017/06/he-thong-phanh-ebd1.jpg]
[www.mitsubishi-motors.com.vn/w/wp-content/uploads/2017/06/khung-xe-rise2.jpg]
[www.mitsubishi-motors.com.vn/w/wp-content/uploads/2017/06/he-thong-cang-dai-tu-dong1.jpg]
[www.mitsubishi-motors.com.vn/w/wp-content/uploads/2017/06/he-thong-tui-khi-an-toan1.jpg]
[www.mitsubishi-motors.com.vn/w/wp-content/uploads/2017/06/cot-lai-tu-do-va-ban-dap-phanh-tu-do2.jpg]
[www.mitsubishi-motors.com.vn/w/wp-content/uploads/2017/06/kinh-dieu-khien-dien.jpg]
[mitsubishisavico.com.vn/w/wp-content/uploads/2017/06/Backdrop-3X4M.jpg]
[www.mitsubishi-motors.com.vn/w/wp-content/uploads/2017/06/2018-Mitsubishi-Mirage-G4-ready-for-action-d-390x390.jpg]
[www.mitsubishi-motors.com.vn/w/wp-content/uploads/2017/06/2018-Mitsubishi-Mirage-G4-ready-for-action-d.jpg]
[www.mitsubishi-motors.com.vn/w/wp-content/uploads/2017/06/Profile-2017-Mitsubishi-Mirage-G4-d-390x390.jpg]
[www.mitsubishi-motors.com.vn/w/wp-content/uploads/2017/06/13.jpg]
[www.mitsubishi-motors.com.vn/w/wp-content/uploads/2017/06/Wheel-Styling-2017-Mitsubishi-Mirage-G4-d.jpg]
[www.mitsubishi-motors.com.vn/w/wp-content/uploads/2017/06/Wheel-Styling-2017-Mitsubishi-Mirage-G4-d-390x390.jpg]
[www.mitsubishi-motors.com.vn/w/wp-content/uploads/2017/06/Profile-2017-Mitsubishi-Mirage-G4-d.jpg]
[www.mitsubishi-motors.com.vn/w/wp-content/uploads/2017/06/mitsubishi-attragegallery-4-390x390.jpg]
[www.mitsubishi-motors.com.vn/w/wp-content/uploads/2017/06/Front-2017-Mitsubishi-Mirage-G4-d-390x390.jpg]
[www.mitsubishi-motors.com.vn/w/wp-content/uploads/2017/06/Front-2017-Mitsubishi-Mirage-G4-d.jpg]
[www.mitsubishi-motors.com.vn/w/wp-content/uploads/2017/06/2018-Mitsubishi-Mirage-G4-Cargo-d-390x390.jpg]
[www.mitsubishi-motors.com.vn/w/wp-content/uploads/2017/06/mitsubishi-attragegallery-4.jpg]
[www.mitsubishi-motors.com.vn/w/wp-content/uploads/2017/06/2018-Mitsubishi-Mirage-G4-Cargo-d.jpg]
[www.mitsubishi-motors.com.vn/w/wp-content/uploads/2017/06/P05-06_2ndSeat_Gene-390x390.jpg]
[www.mitsubishi-motors.com.vn/w/wp-content/uploads/2017/06/P05-06_Main-Seat_Gene-Copy-390x390.jpg]
[www.mitsubishi-motors.com.vn/w/wp-content/uploads/2017/06/16ELL_Gene_GLS_seat_Blackleather1-390x390.jpg]
[www.mitsubishi-motors.com.vn/w/wp-content/uploads/2017/06/P05-06_2ndSeat_Gene.jpg]
[www.mitsubishi-motors.com.vn/w/wp-content/uploads/2017/06/den-led-chieu-sang-ban-ngay-drl.jpg]
[www.mitsubishi-motors.com.vn/w/wp-content/uploads/2017/06/attrage.png]
[www.mitsubishi-motors.com.vn/w/wp-content/uploads/2017/06/op-huong-gio-can-truoc.jpg]
[www.mitsubishi-motors.com.vn/w/wp-content/uploads/2017/06/op-huong-gio-hong.jpg]
[www.mitsubishi-motors.com.vn/w/wp-content/uploads/2017/06/vien-che-mua.jpg]
[www.mitsubishi-motors.com.vn/w/wp-content/uploads/2017/06/op-huong-gio-can-sau.jpg]
[www.mitsubishi-motors.com.vn/w/wp-content/uploads/2017/06/canh-luot-gio-sau.jpg]
[www.mitsubishi-motors.com.vn/w/wp-content/uploads/2017/06/op-be-buoc-ma-crom.jpg]
[www.mitsubishi-motors.com.vn/w/wp-content/uploads/2017/06/vien-dong-ho-ma-crom.jpg]
[www.mitsubishi-motors.com.vn/w/wp-content/uploads/2017/06/be-tua-tay-trung-tam.jpg]
[www.mitsubishi-motors.com.vn/w/wp-content/uploads/2017/06/P05-06_Main-Seat_Gene-Copy.jpg]
[mitsubishisavico.com.vn/san-pham/attrage/index.html]
[www.mitsubishi-motors.com.vn/w/wp-content/uploads/2017/05/attrage-mt.png]
[www.mitsubishi-motors.com.vn/w/wp-content/uploads/2017/05/attrage-cvt.png]
[www.mitsubishi-motors.com.vn/w/wp-content/uploads/2017/06/Outlander-CKD1.png]
[www.mitsubishi-motors.com.vn/w/wp-content/uploads/2017/06/outlander-red.jpg]
[www.mitsubishi-motors.com.vn/w/wp-content/uploads/2017/06/outlander-black.jpg]
[www.mitsubishi-motors.com.vn/w/wp-content/uploads/2017/06/Outlander-Catalogue-P.8.jpg]
[www.mitsubishi-motors.com.vn/w/wp-content/uploads/2017/06/outlander-white.jpg]
[www.mitsubishi-motors.com.vn/w/wp-content/uploads/2017/06/outlander-brown.jpg]
[www.mitsubishi-motors.com.vn/w/wp-content/uploads/2017/06/outlander-titanium.jpg]
[mitsubishisavico.com.vn/dang-ky-lai-thu/indexa9bc.html]
[www.mitsubishi-motors.com.vn/w/wp-content/uploads/2017/06/18_OUTLANDER_GEXP_H_1-1-CMYK.jpg]
[www.mitsubishi-motors.com.vn/w/wp-content/uploads/2017/06/outlander-thiet-ke-dynamic-shield.jpg]
[www.mitsubishi-motors.com.vn/w/wp-content/uploads/2017/06/den-pha-cong-nghe-led.jpg]
[www.mitsubishi-motors.com.vn/w/wp-content/uploads/2017/06/den-led-chieu-sang-ban-ngay.jpg]
[www.mitsubishi-motors.com.vn/w/wp-content/uploads/2017/06/exterior_3.jpg]
[www.mitsubishi-motors.com.vn/w/wp-content/uploads/2017/06/exterior_4.jpg]
[www.mitsubishi-motors.com.vn/w/wp-content/uploads/2017/06/exterior_5.jpg]
[www.mitsubishi-motors.com.vn/w/wp-content/uploads/2017/06/mam-duc-18-2-tong-mau.jpg]
[mitsubishisavico.com.vn/w/wp-content/uploads/2017/12/Baner-web-1.jpg]
[www.mitsubishi-motors.com.vn/w/wp-content/uploads/2017/06/cam-bien-tu-dong.jpg]
[www.mitsubishi-motors.com.vn/w/wp-content/uploads/2017/06/outlander-phanh-tay-dien-tu.jpg]
[www.mitsubishi-motors.com.vn/w/wp-content/uploads/2017/06/interior.jpg]
[www.mitsubishi-motors.com.vn/w/wp-content/uploads/2017/06/interior-2.jpg]
[www.mitsubishi-motors.com.vn/w/wp-content/uploads/2017/06/chia-khoa-thong-minh.jpg]
[www.mitsubishi-motors.com.vn/w/wp-content/uploads/2017/06/interior-3.jpg]
[www.mitsubishi-motors.com.vn/w/wp-content/uploads/2017/06/kha-nang-gap-ghe-linh-hoat.jpg]
[www.mitsubishi-motors.com.vn/w/wp-content/uploads/2017/06/he-thong-tu-dong-dieu-hoa-hai-vung.jpg]
[www.mitsubishi-motors.com.vn/w/wp-content/uploads/2017/06/exterior_9.jpg]
[www.mitsubishi-motors.com.vn/w/wp-content/uploads/2017/06/khoang-hanh-ly-lon1.jpg]
[www.mitsubishi-motors.com.vn/w/wp-content/uploads/2017/06/man-hinh-hien-thi-da-thong-tin.jpg]
[www.mitsubishi-motors.com.vn/w/wp-content/uploads/2017/06/vo-lang-the-thao-sang-trong.jpg]
[www.mitsubishi-motors.com.vn/w/wp-content/uploads/2017/06/hop-so-cvt.jpg]
[www.mitsubishi-motors.com.vn/w/wp-content/uploads/2017/06/outlander-vanhanh-2.jpg]
[www.mitsubishi-motors.com.vn/w/wp-content/uploads/2017/06/dong-co-mivec.jpg]
[www.mitsubishi-motors.com.vn/w/wp-content/uploads/2017/06/awc-moi.jpg]
[www.mitsubishi-motors.com.vn/w/wp-content/uploads/2017/06/lay-sang-so-tren-vo-lang.jpg]
[www.mitsubishi-motors.com.vn/w/wp-content/uploads/2017/06/khung-xe-rise.jpg]
[www.mitsubishi-motors.com.vn/w/wp-content/uploads/2017/06/he-thong-phanh.jpg]
[www.mitsubishi-motors.com.vn/w/wp-content/uploads/2017/06/he-thong-ga-tu-dong.jpg]
[www.mitsubishi-motors.com.vn/w/wp-content/uploads/2017/06/he-thong-can-bang-dien-tu-asc.jpg]
[www.mitsubishi-motors.com.vn/w/wp-content/uploads/2017/06/16_out_gc_12_7-srs-airbags.jpg]
[www.mitsubishi-motors.com.vn/w/wp-content/uploads/2017/06/he-thong-khoi-hanh-ngang-doc.jpg]
[www.mitsubishi-motors.com.vn/w/wp-content/uploads/2017/06/he-thong-kiem-soat-chan-ga.jpg]
[www.mitsubishi-motors.com.vn/w/wp-content/uploads/2017/06/he-thong-camera-lui.jpg]
[www.mitsubishi-motors.com.vn/w/wp-content/uploads/2017/06/Mitsubishi-Outlander-2018-Gallery-06-390x390.jpg]
[www.mitsubishi-motors.com.vn/w/wp-content/uploads/2017/06/Mitsubishi-Outlander-2018-Gallery-06.jpg]
[www.mitsubishi-motors.com.vn/w/wp-content/uploads/2017/06/mitsubishi-outlander-gallery-1-390x390.jpg]
[www.mitsubishi-motors.com.vn/w/wp-content/uploads/2017/06/outlander-an-toan1.jpg]
[www.mitsubishi-motors.com.vn/w/wp-content/uploads/2017/06/mitsubishi-outlander-gallery-2-390x390.jpg]
[www.mitsubishi-motors.com.vn/w/wp-content/uploads/2017/06/mitsubishi-outlander-gallery-1.jpg]
[www.mitsubishi-motors.com.vn/w/wp-content/uploads/2017/06/Mitsubishi-Outlander-2018-Gallery-04-390x390.jpg]
[www.mitsubishi-motors.com.vn/w/wp-content/uploads/2017/06/Layout-Final1-1.jpg]
[www.mitsubishi-motors.com.vn/w/wp-content/uploads/2017/06/Mitsubishi-Outlander-2018-Gallery-05-390x390.jpg]
[www.mitsubishi-motors.com.vn/w/wp-content/uploads/2017/06/Mitsubishi-Outlander-2018-Gallery-04.jpg]
[www.mitsubishi-motors.com.vn/w/wp-content/uploads/2017/06/mitsubishi-outlander-gallery-2.jpg]
[www.mitsubishi-motors.com.vn/w/wp-content/uploads/2017/06/Cargo-room-2017-Mitsubishi-Outlander-exterior-overlay-390x390.jpg]
[www.mitsubishi-motors.com.vn/w/wp-content/uploads/2017/06/mitsubishi-outlander-gallery-8-390x390.jpg]
[www.mitsubishi-motors.com.vn/w/wp-content/uploads/2017/06/Mitsubishi-Outlander-2018-Gallery-05.jpg]
[www.mitsubishi-motors.com.vn/w/wp-content/uploads/2017/06/mitsubishi-outlander-gallery-7-390x390.jpg]
[www.mitsubishi-motors.com.vn/w/wp-content/uploads/2017/06/Cargo-room-2017-Mitsubishi-Outlander-exterior-overlay.jpg]
[www.mitsubishi-motors.com.vn/w/wp-content/uploads/2017/06/op-can-truoc.jpg]
[www.mitsubishi-motors.com.vn/w/wp-content/uploads/2017/06/op-can-sau.jpg]
[www.mitsubishi-motors.com.vn/w/wp-content/uploads/2017/06/mac-hieu-ten-xe-tren-nap-capo.jpg]
[www.mitsubishi-motors.com.vn/w/wp-content/uploads/2017/06/op-hong.jpg]
[www.mitsubishi-motors.com.vn/w/wp-content/uploads/2017/05/outlander_sosanhphienban_24.png]
[mitsubishisavico.com.vn/tin-tuc/mitsubishi-outlander-2017-3-phien-ban-deu-la-52-nhap-nhat-gia-tu-983-trieu-n591.html]
[www.mitsubishi-motors.com.vn/w/wp-content/uploads/2017/06/mitsubishi-outlander-gallery-7.jpg]
[mitsubishisavico.com.vn/tin-tuc/doanh-so-ban-xe-mitsubishi-tai-viet-nam-nam-2016-n432.html]
[www.mitsubishi-motors.com.vn/w/wp-content/uploads/2017/06/mitsubishi-outlander-gallery-8.jpg]
[mitsubishisavico.com.vn/san-pham/outlander/index.html]
[www.mitsubishi-motors.com.vn/w/wp-content/uploads/2017/06/new-pajero-sport2.png]
[www.mitsubishi-motors.com.vn/w/wp-content/uploads/2017/06/tiet-kiem-nhien-lieu-02.jpg]
[www.mitsubishi-motors.com.vn/w/wp-content/uploads/2017/06/hop-so-tu-dong-8-cap-new-pajero-sport.jpg]
[www.mitsubishi-motors.com.vn/w/wp-content/uploads/2017/06/mitsubishi-outlander-gallery-82.jpg]
[www.mitsubishi-motors.com.vn/w/wp-content/uploads/2017/06/trang-w54.png]
[www.mitsubishi-motors.com.vn/w/wp-content/uploads/2017/06/18_PS_Ge_3-4_Int.jpg]
[www.mitsubishi-motors.com.vn/w/wp-content/uploads/2017/06/den-x08-small.png]
[mitsubishisavico.com.vn/w/wp-content/uploads/2017/05/attrage.jpg]
[www.mitsubishi-motors.com.vn/w/wp-content/uploads/2017/06/nau-c07.png]
[www.mitsubishi-motors.com.vn/w/wp-content/uploads/2017/06/Do-P17.png]
[mitsubishisavico.com.vn/dang-ky-lai-thu/index9c8a.html]
[www.mitsubishi-motors.com.vn/w/wp-content/uploads/2017/06/Xam-U17.png]
[www.mitsubishi-motors.com.vn/w/wp-content/uploads/2017/06/thiet-ke-dynamic-shield-new-pajero-sport.jpg]
[www.mitsubishi-motors.com.vn/w/wp-content/uploads/2017/06/cam-bien-den-pha-va-gat-mua-tu-dong-new-pajero-sport.jpg]
[www.mitsubishi-motors.com.vn/w/wp-content/uploads/2017/06/luoi-tan-nhiet-phong-cach-new-pajero-sport.jpg]
[www.mitsubishi-motors.com.vn/w/wp-content/uploads/2017/06/den-pha-led-tu-dong-dieu-chinh-do-cao-tia-sang-new-pajero-sport.jpg]
[www.mitsubishi-motors.com.vn/w/wp-content/uploads/2017/06/mam-hop-kim-18-2-tong-mau-new-pajero-sport.jpg]
[www.mitsubishi-motors.com.vn/w/wp-content/uploads/2017/06/guong-chieu-hau-chinh-dien-new-pajero-sport.jpg]
[www.mitsubishi-motors.com.vn/w/wp-content/uploads/2017/06/he-thong-rua-den-pha-new-pajero-sport.jpg]
[www.mitsubishi-motors.com.vn/w/wp-content/uploads/2017/06/cum-den-hau-led-doc-dao-new-pajero-sport.jpg]
[www.mitsubishi-motors.com.vn/w/wp-content/uploads/2017/06/18_PS_Ge_3-4_Int1.jpg]
[www.mitsubishi-motors.com.vn/w/wp-content/uploads/2017/06/ghe-lai-chinh-dien.jpg]
[www.mitsubishi-motors.com.vn/w/wp-content/uploads/2017/06/vo-lang-4-chau.jpg]
[www.mitsubishi-motors.com.vn/w/wp-content/uploads/2017/06/sun-roof.jpg]
[www.mitsubishi-motors.com.vn/w/wp-content/uploads/2017/06/dieu-hoa-nhiet-do-tu-dong-2-dan-lanh.jpg]
[www.mitsubishi-motors.com.vn/w/wp-content/uploads/2017/06/18_PS_Ge_5-6_Seat.png]
[www.mitsubishi-motors.com.vn/w/wp-content/uploads/2017/06/dvd.jpg]
[mitsubishisavico.com.vn/w/wp-content/uploads/2017/12/Outlander.png]
[www.mitsubishi-motors.com.vn/w/wp-content/uploads/2017/06/phanh-tay-dien-tu.jpg]
[www.mitsubishi-motors.com.vn/w/wp-content/uploads/2017/06/kos-va-start-stop-engine.jpg]
[www.mitsubishi-motors.com.vn/w/wp-content/uploads/2017/06/dong-co-mivec-30-v6-new-pajero-sport-1.jpg]
[www.mitsubishi-motors.com.vn/w/wp-content/uploads/2017/06/hop-so-tu-dong-8-cap-1-new-pajero-sport.jpg]
[www.mitsubishi-motors.com.vn/w/wp-content/uploads/2017/06/kha-nang-loi-nuoc-700mm-new-pajero-sport.jpg]
[www.mitsubishi-motors.com.vn/w/wp-content/uploads/2017/06/4-che-do-offroad.jpg]
[www.mitsubishi-motors.com.vn/w/wp-content/uploads/2017/06/truyen-dong-2-cau-super-select-4wd-ii-new-pajero-sport.jpg]
[www.mitsubishi-motors.com.vn/w/wp-content/uploads/2017/06/All-new-Pajero-Sport-19.jpg]
[www.mitsubishi-motors.com.vn/w/wp-content/uploads/2017/06/7-tui-khi-an-toan-new-pajero-sport.jpg]
[www.mitsubishi-motors.com.vn/w/wp-content/uploads/2017/06/an-toan-toi-da-new-pajero-sport.jpg]
[www.mitsubishi-motors.com.vn/w/wp-content/uploads/2017/06/he-thong-can-bang-dien-tu-va-kiem-soat-luc-keo-astc-new-pajero-sport.jpg]
[www.mitsubishi-motors.com.vn/w/wp-content/uploads/2017/06/he-thong-hsa-hdc-new-pajero-sport.jpg]
[www.mitsubishi-motors.com.vn/w/wp-content/uploads/2017/06/he-thong-canh-bao-diem-mu-bsw-new-pajero-sport.jpg]
[www.mitsubishi-motors.com.vn/w/wp-content/uploads/2017/06/18_PS_Ge_5-6_Cargo.png]
[www.mitsubishi-motors.com.vn/w/wp-content/uploads/2017/06/khung-xe-rise-new-pajero-sport.jpg]
[www.mitsubishi-motors.com.vn/w/wp-content/uploads/2017/06/Thu-vien-new-pajero-sport-2.jpg]
[www.mitsubishi-motors.com.vn/w/wp-content/uploads/2017/06/Thu-vien-new-pajero-sport-2-390x390.jpg]
[www.mitsubishi-motors.com.vn/w/wp-content/uploads/2017/06/camera-toan-canh.jpg]
[www.mitsubishi-motors.com.vn/w/wp-content/uploads/2017/06/Thu-vien-new-pajero-sport-1-390x390.jpg]
[www.mitsubishi-motors.com.vn/w/wp-content/uploads/2017/06/he-thong-phanh-abs-ebd-ba-new-pajero-sport.jpg]
[www.mitsubishi-motors.com.vn/w/wp-content/uploads/2017/06/Thu-vien-new-pajero-sport-1.jpg]
[www.mitsubishi-motors.com.vn/w/wp-content/uploads/2017/06/mainvis_01-390x390.png]
[www.mitsubishi-motors.com.vn/w/wp-content/uploads/2017/06/header-mosaic-large-2alt-390x390.jpg]
[www.mitsubishi-motors.com.vn/w/wp-content/uploads/2017/06/header-mosaic-large-2alt.jpg]
[www.mitsubishi-motors.com.vn/w/wp-content/uploads/2017/06/Thu-vien-new-pajero-sport-3.jpg]
[www.mitsubishi-motors.com.vn/w/wp-content/uploads/2017/06/Thu-vien-new-pajero-sport-3-390x390.jpg]
[www.mitsubishi-motors.com.vn/w/wp-content/uploads/2017/06/mainvis_03-390x390.png]
[www.mitsubishi-motors.com.vn/w/wp-content/uploads/2017/06/002_rear-quarter_silver_acc-01.jpg]
[www.mitsubishi-motors.com.vn/w/wp-content/uploads/2017/06/img_01.jpg]
[www.mitsubishi-motors.com.vn/w/wp-content/uploads/2017/06/img_02.jpg]
[www.mitsubishi-motors.com.vn/w/wp-content/uploads/2017/06/img_03-1.jpg]
[www.mitsubishi-motors.com.vn/w/wp-content/uploads/2017/05/trang-w54.png]
[mitsubishisavico.com.vn/san-pham/pajero-sport/index.html]
[www.mitsubishi-motors.com.vn/w/wp-content/uploads/2017/06/logo-triton-white.png]
[www.mitsubishi-motors.com.vn/w/wp-content/uploads/2017/06/khoang-hanh-khach-thoai-mai-va-tien-nghi-hang-dau.jpg]
[www.mitsubishi-motors.com.vn/w/wp-content/uploads/2017/06/truyen-dong-2-cau-voi-khoa-vi-sai-trung-tam.jpg]
[www.mitsubishi-motors.com.vn/w/wp-content/uploads/2017/06/triton-white1.png]
[www.mitsubishi-motors.com.vn/w/wp-content/uploads/2017/06/triton-grey1.png]
[www.mitsubishi-motors.com.vn/w/wp-content/uploads/2017/06/triton-red1.png]
[www.mitsubishi-motors.com.vn/w/wp-content/uploads/2017/06/triton-black1.png]
[www.mitsubishi-motors.com.vn/w/wp-content/uploads/2017/06/triton-green2.png]
[www.mitsubishi-motors.com.vn/w/wp-content/uploads/2017/06/triton-silver.png]
[www.mitsubishi-motors.com.vn/w/wp-content/uploads/2017/06/thiet-ke-j-line.jpg]
[mitsubishisavico.com.vn/dang-ky-lai-thu/indexea25.html]
[www.mitsubishi-motors.com.vn/w/wp-content/uploads/2017/06/thiet-ke-manh-me-va-nang-dong.jpg]
[www.mitsubishi-motors.com.vn/w/wp-content/uploads/2017/06/khoangchohang.jpg]
[www.mitsubishi-motors.com.vn/w/wp-content/uploads/2017/06/cam-bien-chieu-sang-va-he-thong-gat-mua.jpg]
[www.mitsubishi-motors.com.vn/w/wp-content/uploads/2017/06/guong-chieu-hau-chinh-dien-va-tu-gap.jpg]
[www.mitsubishi-motors.com.vn/w/wp-content/uploads/2017/06/mam-banh-xe-17-inche.jpg]
[www.mitsubishi-motors.com.vn/w/wp-content/uploads/2017/06/can-sau-hien-dai.jpg]
[www.mitsubishi-motors.com.vn/w/wp-content/uploads/2017/06/trai-nghiem-j-line-thoai-mai-hanh-trinh.jpg]
[www.mitsubishi-motors.com.vn/w/wp-content/uploads/2017/06/do-nghieng-lung-ghe-sau-tot-nhat.jpg]
[www.mitsubishi-motors.com.vn/w/wp-content/uploads/2017/06/ghe-ngoi-thoai-mai-hon.jpg]
[www.mitsubishi-motors.com.vn/w/wp-content/uploads/2017/06/ghe-boc-da-va-ghe-lai-chinh-dien.jpg]
[www.mitsubishi-motors.com.vn/w/wp-content/uploads/2017/06/nut-dieu-khien-am-thanh-tren-vo-lang-moi.jpg]
[www.mitsubishi-motors.com.vn/w/wp-content/uploads/2017/06/35.png]
[www.mitsubishi-motors.com.vn/w/wp-content/uploads/2017/06/dieu-hoa-tu-dong-hai-vung.jpg]
[www.mitsubishi-motors.com.vn/w/wp-content/uploads/2017/06/chia-khoa-thong-minh-kos-va-khoi-dong-bang-nut-bam-oss1.jpg]
[www.mitsubishi-motors.com.vn/w/wp-content/uploads/2017/06/cac-tien-ich-khac.jpg]
[www.mitsubishi-motors.com.vn/w/wp-content/uploads/2017/06/he-thong-kiem-soat-hanh-trinh-cruise-control-moi.jpg]
[www.mitsubishi-motors.com.vn/w/wp-content/uploads/2017/06/cai-thien-cach-am.jpg]
[www.mitsubishi-motors.com.vn/w/wp-content/uploads/2017/06/thach-thuc-moi-dia-hinh.jpg]
[www.mitsubishi-motors.com.vn/w/wp-content/uploads/2017/06/dong-co-high-power-vgt-178ps.jpg]
[www.mitsubishi-motors.com.vn/w/wp-content/uploads/2017/06/engine.jpg]
[www.mitsubishi-motors.com.vn/w/wp-content/uploads/2017/06/hop-so-5at-invecs-ii.jpg]
[www.mitsubishi-motors.com.vn/w/wp-content/uploads/2017/06/he-thong-truyen-dong-super-select-ii-nut-chuyen-cau-dien-va-khoa-vi-sai-trung-tam.jpg]
[www.mitsubishi-motors.com.vn/w/wp-content/uploads/2017/06/vi-sai-chong-truot-tu-dong-hybrid-lsd.jpg]
[www.mitsubishi-motors.com.vn/w/wp-content/uploads/2017/06/he-thong-treo-cung-vung.jpg]
[www.mitsubishi-motors.com.vn/w/wp-content/uploads/2017/06/ban-kinh-vong-quay-5cham9m.jpg]
[www.mitsubishi-motors.com.vn/w/wp-content/uploads/2017/06/vo-lang.jpg]
[www.mitsubishi-motors.com.vn/w/wp-content/uploads/2017/06/kich-thuoc-thich-ung-voi-moi-dia-hinh.jpg]
[www.mitsubishi-motors.com.vn/w/wp-content/uploads/2017/06/giam-trong-luong-xe.jpg]
[www.mitsubishi-motors.com.vn/w/wp-content/uploads/2017/06/antoan.jpg]
[www.mitsubishi-motors.com.vn/w/wp-content/uploads/2017/06/thach-thuc-moi-dia-hinh-1.jpg]
[www.mitsubishi-motors.com.vn/w/wp-content/uploads/2017/06/he-thong-can-bang-dien-tu-asc1.jpg]
[www.mitsubishi-motors.com.vn/w/wp-content/uploads/2017/06/tui-khi-doi-voi-he-thong-cang-dai-tu-dong.jpg]
[www.mitsubishi-motors.com.vn/w/wp-content/uploads/2017/06/he-thong-phanh-abs-ebd.jpg]
[www.mitsubishi-motors.com.vn/w/wp-content/uploads/2017/06/mainvis_01.png]
[www.mitsubishi-motors.com.vn/w/wp-content/uploads/2017/06/he-thong-khoi-hanh-ngang-doc1.jpg]
[www.mitsubishi-motors.com.vn/w/wp-content/uploads/2017/06/he-thong-ma-hoa-chong-trom.jpg]
[www.mitsubishi-motors.com.vn/w/wp-content/uploads/2017/06/cua-so-chinh-dien-chong-ket.jpg]
[www.mitsubishi-motors.com.vn/w/wp-content/uploads/2017/06/triton-catalog-dt.jpg]
[www.mitsubishi-motors.com.vn/w/wp-content/uploads/2017/06/triton-mivec-02-390x390.jpg]
[www.mitsubishi-motors.com.vn/w/wp-content/uploads/2017/06/mainvis_14-390x390.png]
[www.mitsubishi-motors.com.vn/w/wp-content/uploads/2017/06/triton17-mosaic-5.jpg]
[www.mitsubishi-motors.com.vn/w/wp-content/uploads/2017/06/triton17-mosaic-5-390x390.jpg]
[www.mitsubishi-motors.com.vn/w/wp-content/uploads/2017/06/triton-mivec-02.jpg]
[www.mitsubishi-motors.com.vn/w/wp-content/uploads/2017/06/triton-mivec-03.jpg]
[www.mitsubishi-motors.com.vn/w/wp-content/uploads/2017/06/triton-mivec-03-390x390.jpg]
[www.mitsubishi-motors.com.vn/w/wp-content/uploads/2017/06/triton-mivec-011-390x390.jpg]
[www.mitsubishi-motors.com.vn/w/wp-content/uploads/2017/06/mainvis_14.png]
[www.mitsubishi-motors.com.vn/w/wp-content/uploads/2017/06/triton17-mosaic-1-390x390.jpg]
[www.mitsubishi-motors.com.vn/w/wp-content/uploads/2017/06/triton17-mosaic-1.jpg]
[www.mitsubishi-motors.com.vn/w/wp-content/uploads/2017/06/triton-mivec-011.jpg]
[www.mitsubishi-motors.com.vn/w/wp-content/uploads/2017/06/interior_slide_02-390x390.jpg]
[www.mitsubishi-motors.com.vn/w/wp-content/uploads/2017/06/interior_slide_01-390x390.jpg]
[www.mitsubishi-motors.com.vn/w/wp-content/uploads/2017/05/triton-4x2mt.png]
[www.mitsubishi-motors.com.vn/w/wp-content/uploads/2017/05/triton-4x2at.png]
[www.mitsubishi-motors.com.vn/w/wp-content/uploads/2017/05/triton-4x4mt.png]
[www.mitsubishi-motors.com.vn/w/wp-content/uploads/2017/06/interior_slide_02.jpg]
[www.mitsubishi-motors.com.vn/w/wp-content/uploads/2017/05/triton-4x4at.png]
[www.mitsubishi-motors.com.vn/w/wp-content/uploads/2017/06/interior_slide_01.jpg]
[mitsubishisavico.com.vn/tin-tuc/triton-mivec-pick-up-chuyen-cho-vuot-phan-khuc-n326.html]
[mitsubishisavico.com.vn/san-pham/triton/index.html]
[mitsubishisavico.com.vn/san-pham/all-new-xpander1/index.html]
[mitsubishisavico.com.vn/mua-xe/dang-ky-lai-thu/17/index.html]
[mitsubishisavico.com.vn/mua-xe/bao-gia-chi-tiet/17/index.html]
[www.mitsubishi-motors.com.vn/w/wp-content/uploads/2018/07/fb_icon_325x325.png]
[mitsubishisavico.com.vn/w/wp-content/uploads/2017/04/e02cffdfaa397f628aaf1c07a5083d10.jpg]
[mitsubishisavico.com.vn/mua-xe/dang-ky-lai-thu/18/index.html]
[www.mitsubishi-motors.com.vn/public/js/product-page4bb8.js]
[www.mitsubishi-motors.com.vn/w/wp-content/uploads/2018/07/youtube_PNG191.png]
[mitsubishisavico.com.vn/mua-xe/bao-gia-chi-tiet/18/index.html]
[mitsubishisavico.com.vn/mua-xe/dang-ky-lai-thu/19/index.html]
[mitsubishisavico.com.vn/mua-xe/bao-gia-chi-tiet/19/index.html]
[www.mitsubishi-motors.com.vn/public/js/estimate-price4bb8.js]
[mitsubishisavico.com.vn/mua-xe/dang-ky-lai-thu/23/index.html]
[mitsubishisavico.com.vn/mua-xe/bao-gia-chi-tiet/23/index.html]
[mitsubishisavico.com.vn/public/js/theme/price-page.js]
[mitsubishisavico.com.vn/bang-gia/index.html]
[mitsubishisavico.com.vn/mua-xe/dang-ky-lai-thu/24/index.html]
[mitsubishisavico.com.vn/mua-xe/dang-ky-lai-thu/104/index.html]
[mitsubishisavico.com.vn/mua-xe/bao-gia-chi-tiet/24/index.html]
[mitsubishisavico.com.vn/mua-xe/bao-gia-chi-tiet/104/index.html]
[mitsubishisavico.com.vn/public/img/tra-gop/icon-doanh-nghiep.png]
[mitsubishisavico.com.vn/public/img/tra-gop/icon-ca-nhan.png]
[mitsubishisavico.com.vn/public/js/theme/sales-page.js]
[mitsubishisavico.com.vn/mua-xe/mua-xe-tra-gop/index.html]
[mitsubishisavico.com.vn/mua-xe/mua-xe-theo-lo/index.html]
[mitsubishisavico.com.vn/mua-xe/quy-trinh-mua-xe/index.html]
[www.mitsubishi-motors.com.vn/w/wp-content/uploads/2017/05/outlandersport-1.png]
[www.mitsubishi-motors.com.vn/w/wp-content/uploads/2017/05/pajero.png]
[www.mitsubishi-motors.com.vn/w/wp-content/uploads/2017/05/car-pajerosport.png]
[mitsubishisavico.com.vn/mua-xe/dang-ky-lai-thu/index.html]
[mitsubishisavico.com.vn/ajax/send_test_drive.html]
[mitsubishisavico.com.vn/mua-xe/bao-gia-chi-tiet/index.html]
[mitsubishisavico.com.vn/ajax/send_detailed_quotes.html]
[mitsubishisavico.com.vn/public/img/tin-tuc/waranty.jpg]
[mitsubishisavico.com.vn/dich-vu-hau-mai/gioi-thieu-dich-vu/index.html]
[mitsubishisavico.com.vn/public/img/tin-tuc/maintenance.jpg]
[mitsubishisavico.com.vn/public/img/tin-tuc/sparepart.jpg]
[mitsubishisavico.com.vn/dich-vu-hau-mai/bao-duong-dinh-ky/index.html]
[mitsubishisavico.com.vn/dich-vu-hau-mai/sua-chua/index.html]
[mitsubishisavico.com.vn/dich-vu-hau-mai/chinh-sach-bao-hanh/index.html]
[mitsubishisavico.com.vn/phu-tung-chinh-hieu/dau-nhon-va-hoa-chat-i260.html]
[mitsubishisavico.com.vn/phu-tung-chinh-hieu/day-curoa-i263.html]
[mitsubishisavico.com.vn/w/wp-content/uploads/2017/04/dau-nhon-va-hoa-chat.jpg]
[mitsubishisavico.com.vn/w/wp-content/uploads/2017/04/day-curoa.jpg]
[mitsubishisavico.com.vn/phu-tung-chinh-hieu/loc-gio-i266.html]
[mitsubishisavico.com.vn/phu-tung-chinh-hieu/loc-nhien-lieu-i269.html]
[mitsubishisavico.com.vn/w/wp-content/uploads/2017/04/loc-gio.jpg]
[mitsubishisavico.com.vn/w/wp-content/uploads/2017/04/loc-nhien-lieu.jpg]
[mitsubishisavico.com.vn/phu-tung-chinh-hieu/loc-nhot-i272.html]
[mitsubishisavico.com.vn/phu-tung-chinh-hieu/ma-phanh-i275.html]
[mitsubishisavico.com.vn/w/wp-content/uploads/2017/04/loc-nhot.jpg]
[mitsubishisavico.com.vn/w/wp-content/uploads/2017/04/ma-phanh.jpg]
[mitsubishisavico.com.vn/phu-tung-chinh-hieu/phu-kien-i278.html]
[mitsubishisavico.com.vn/w/wp-content/uploads/2017/04/phu-kien.jpg]
[mitsubishisavico.com.vn/phu-tung-chinh-hieu/value-selection-i281.html]
[mitsubishisavico.com.vn/dich-vu-hau-mai/phu-tung-chinh-hieu/index.html]
[mitsubishisavico.com.vn/w/wp-content/uploads/2017/04/value-selection.jpg]
[mitsubishisavico.com.vn/dich-vu-hau-mai/dat-lich-bao-duong/index.html]
[mitsubishisavico.com.vn/ajax/send_schedule.html]
[mitsubishisavico.com.vn/tin-tuc/bang-gia-xe-mitsubishi-thang-092018-m9568.html]
[mitsubishisavico.com.vn/tin-tuc/mitsubishi-motors-viet-nam-cung-clb-bong-da-phu-dong-mung-thang-giai-hang-nhat-quoc-gia-2019-m13569.html]
[www.mitsubishi-motors.com.vn/w/wp-content/uploads/2017/06/mainvis_03.png]
[mitsubishisavico.com.vn/tin-tuc/mitsubishi-motors-viet-nam-trien-khai-chien-dich-cham-soc-khach-hang-thang-08-nam-2018-m13478.html]
[www.mitsubishi-motors.com.vn/w/wp-content/uploads/2017/05/Banner-khuyen-mai-thang-9-3x2.jpg]
[mitsubishisavico.com.vn/tin-tuc/mitsubishi-pajero-sport-phien-ban-diesel-8211-manh-me-chinh-phuc-dia-hinh-gia-chi-tu-1062-trieu-dong-m13457.html]
[www.mitsubishi-motors.com.vn/w/wp-content/uploads/2018/08/Facebook-post.png]
[mitsubishisavico.com.vn/tin-tuc/mitsubishi-motors-viet-nam-khai-truong-trung-tam-dich-vu-8211-phu-tung-va-huan-luyen-m11278.html]
[www.mitsubishi-motors.com.vn/w/wp-content/uploads/2018/08/new-pajero-sport-2.jpg]
[mitsubishisavico.com.vn/tin-tuc/cac-chuong-trinh-trieu-hoi-sua-chua-mien-phi-xe-mitsubishi-m11203.html]
[www.mitsubishi-motors.com.vn/w/wp-content/uploads/2018/07/Recall-news.jpg]
[mitsubishisavico.com.vn/tin-tuc/su-kien-noi-bat-c2/index.html]
[mitsubishisavico.com.vn/tin-tuc/su-kien-noi-bat-c2/index4658.html]
[mitsubishisavico.com.vn/tin-tuc/su-kien-noi-bat-c2/index9ba9.html]
[www.mitsubishi-motors.com.vn/w/wp-content/uploads/2018/08/1.jpg]
[mitsubishisavico.com.vn/tin-tuc/cham-soc-xe-yeu-don-chao-nam-moi-n577.html]
[mitsubishisavico.com.vn/tin-tuc/su-kien-noi-bat-c2/indexfdb0.html]
[www.mitsubishi-motors.com.vn/w/wp-content/uploads/2018/08/c23f7b4032a5d3fb8ab4.jpg]
[mitsubishisavico.com.vn/tin-tuc/tin-khuyen-mai-c5/index.html]
[mitsubishisavico.com.vn/tin-tuc/mitsubishi-mirage-2017-chien-binh-sung-suc-moi-cua-de-che-xe-nhat-n422.html]
[mitsubishisavico.com.vn/w/wp-content/uploads/2017/10/Điều-hòa-tự-động-2-vùng-–-2-dàn-lạnh.jpg]
[mitsubishisavico.com.vn/tin-tuc/tin-tong-hop-c3/index.html]
[mitsubishisavico.com.vn/tin-tuc/tin-tong-hop-c3/index4658.html]
[mitsubishisavico.com.vn/tin-tuc/thong-bao-tuyen-dung-thang-82018-n666.html]
[mitsubishisavico.com.vn/w/wp-content/uploads/2017/05/Thumb-tuyen-dung.jpg]
[mitsubishisavico.com.vn/tin-tuc/thong-bao-tuyen-dung-thang-112017-n541.html]
[mitsubishisavico.com.vn/tin-tuc/thong-bao-tuyen-dung-thang-92017-n510.html]
[mitsubishisavico.com.vn/tin-tuc/thong-bao-tuyen-dung-thang-82017-n502.html]
[mitsubishisavico.com.vn/tin-tuc/thong-bao-tuyen-dung-thang-52017-n445.html]
[mitsubishisavico.com.vn/w/wp-content/uploads/2017/04/bao-duong-img-1.jpg]
[mitsubishisavico.com.vn/tin-tuc/tin-tuyen-dung-c4/index.html]
[mitsubishisavico.com.vn/ajax/send_contact.html]
[mitsubishisavico.com.vn/lien-he/index.html]
[mitsubishisavico.com.vn/khuyen-mai/index.html]
[mitsubishisavico.com.vn/w/wp-content/uploads/2017/10/Hệ-thống-điều-hòa-tự-động-1024x576.jpg]
[mitsubishisavico.com.vn/w/wp-content/uploads/2017/10/Dung-cu-chuyen-dung-tunap.jpg]
[mitsubishisavico.com.vn/w/wp-content/uploads/2017/05/mirage.jpg]
[mitsubishisavico.com.vn/w/wp-content/uploads/2017/10/z811768202532_6aa624398025b2175aff85acd1603d2f-1024x576.jpg]
[mitsubishisavico.com.vn/w/wp-content/uploads/2017/10/Contra-Sept-980.jpg]
[mitsubishisavico.com.vn/w/wp-content/uploads/2017/10/cham-soc-dieu-hoa-xe.jpg]
[mitsubishisavico.com.vn/w/wp-content/uploads/2017/05/tuyen-dung.png]
[mitsubishisavico.com.vn/w/wp-content/uploads/2017/10/gian-lanh-chua-ve-sinh.jpg]
[mitsubishisavico.com.vn/w/wp-content/uploads/2017/10/su-dung-may-noi-soi-de-ho-tro-lam-sach-gian-lanh.png]
[mitsubishisavico.com.vn/tin-tuc/dich-vu-cham-soc-gian-lanh-dieu-hoa-o-to-n533.html]
[mitsubishisavico.com.vn/san-pham/pajero1/index.html]
[www.mitsubishi-motors.com.vn/w/wp-content/uploads/2017/06/logo-outlandersport.png]
[mitsubishisavico.com.vn/w/wp-content/uploads/2017/10/gian-lanh-sau-khi-ve-sinh.jpg]
[www.mitsubishi-motors.com.vn/w/wp-content/uploads/2017/06/thiet-ke-the-thao-hien-dai.jpg]
[www.mitsubishi-motors.com.vn/w/wp-content/uploads/2017/06/tiet-kiem-nhien-lieu2.jpg]
[www.mitsubishi-motors.com.vn/w/wp-content/uploads/2017/06/nhap-khau-tu-nhat-ban.jpg]
[mitsubishisavico.com.vn/w/wp-content/uploads/2017/10/Untitled.png]
[www.mitsubishi-motors.com.vn/w/wp-content/uploads/2017/06/white.png]
[www.mitsubishi-motors.com.vn/w/wp-content/uploads/2017/06/black.png]
[www.mitsubishi-motors.com.vn/w/wp-content/uploads/2017/06/red.png]
[www.mitsubishi-motors.com.vn/w/wp-content/uploads/2017/06/phong-cach-the-thao-nang-dong-va-ca-tinh.jpg]
[mitsubishisavico.com.vn/dang-ky-lai-thu/indexe5cc.html]
[www.mitsubishi-motors.com.vn/w/wp-content/uploads/2017/06/silver.png]
[www.mitsubishi-motors.com.vn/w/wp-content/uploads/2017/06/mam-hop-kim-17-inches.jpg]
[www.mitsubishi-motors.com.vn/w/wp-content/uploads/2017/06/titan2.png]
[www.mitsubishi-motors.com.vn/w/wp-content/uploads/2017/06/guong-chieu-hau.jpg]
[www.mitsubishi-motors.com.vn/w/wp-content/uploads/2017/06/den-led-chieu-sang-ban-ngay1.jpg]
[www.mitsubishi-motors.com.vn/w/wp-content/uploads/2017/06/canh-luot-gio-phia-sau-voi-den-phanh.jpg]
[www.mitsubishi-motors.com.vn/w/wp-content/uploads/2017/06/den-pha-hid.jpg]
[www.mitsubishi-motors.com.vn/w/wp-content/uploads/2017/06/cum-den-hau-led.jpg]
[www.mitsubishi-motors.com.vn/w/wp-content/uploads/2017/06/khong-gian-noi-that-day-cam-hung.jpg]
[www.mitsubishi-motors.com.vn/w/wp-content/uploads/2017/06/mui-kinh-panorama-voi-vien-led.jpg]
[www.mitsubishi-motors.com.vn/w/wp-content/uploads/2017/06/ghe-da-ghe-lai-chinh-dien-he-thong-suoi-ghe.jpg]
[www.mitsubishi-motors.com.vn/w/wp-content/uploads/2017/06/he-thong-dieu-hoa-tu-dong1.jpg]
[www.mitsubishi-motors.com.vn/w/wp-content/uploads/2017/06/chia-khoa-thong-minh-kos-va-khoi-dong-bang-nut-bam-oss.jpg]
[www.mitsubishi-motors.com.vn/w/wp-content/uploads/2017/06/he-thong-giai-tri-cao-cap.jpg]
[www.mitsubishi-motors.com.vn/w/wp-content/uploads/2017/06/bang-dong-ho-trung-tam-hien-thi-da-thong-tin.jpg]
[www.mitsubishi-motors.com.vn/w/wp-content/uploads/2017/06/ban-do-dan-duong-gps.jpg]
[www.mitsubishi-motors.com.vn/w/wp-content/uploads/2017/06/tay-lai-dieu-chinh-4-huong.jpg]
[www.mitsubishi-motors.com.vn/w/wp-content/uploads/2017/06/hang-the-sau-gap-60-40-tua-tay-co-gia-de-ly.jpg]
[www.mitsubishi-motors.com.vn/w/wp-content/uploads/2017/06/khoang-hanh-ly-rong-rai.jpg]
[www.mitsubishi-motors.com.vn/w/wp-content/uploads/2017/06/outlander-sport-manh-me-voi-dong-co-mivec-danh-tieng.jpg]
[www.mitsubishi-motors.com.vn/w/wp-content/uploads/2017/06/hop-so-cvt-invecs-iii.jpg]
[www.mitsubishi-motors.com.vn/w/wp-content/uploads/2017/06/outlander-sport-manh-me-voi-dong-co-mivec-danh-tieng-1.jpg]
[www.mitsubishi-motors.com.vn/w/wp-content/uploads/2017/06/che-do-the-thao-voi-6-vi-tri-so.jpg]
[www.mitsubishi-motors.com.vn/w/wp-content/uploads/2017/06/tam-quan-sat-tot-tu-vi-tri-lai.jpg]
[www.mitsubishi-motors.com.vn/w/wp-content/uploads/2017/06/lay-sang-so-tren-vo-lang2.jpg]
[www.mitsubishi-motors.com.vn/w/wp-content/uploads/2017/06/he-thong-treo.jpg]
[www.mitsubishi-motors.com.vn/w/wp-content/uploads/2017/06/ban-kinh-quay-vong-nho-chi-5cham3m.jpg]
[www.mitsubishi-motors.com.vn/w/wp-content/uploads/2017/06/khung-xe-rise-chac-chan.jpg]
[www.mitsubishi-motors.com.vn/w/wp-content/uploads/2017/06/tui-khi-an-toan-doi1.jpg]
[www.mitsubishi-motors.com.vn/w/wp-content/uploads/2017/06/gioi-thieu-he-thong-an-toan.jpg]
[www.mitsubishi-motors.com.vn/w/wp-content/uploads/2017/06/he-thong-chong-tang-toc-dot-ngot.jpg]
[www.mitsubishi-motors.com.vn/w/wp-content/uploads/2017/06/he-thong-phanh-abs-ebd-ba1.jpg]
[www.mitsubishi-motors.com.vn/w/wp-content/uploads/2017/06/op-trang-tri-can-truoc.jpg]
[www.mitsubishi-motors.com.vn/w/wp-content/uploads/2017/06/op-trang-tri-can-sau-ma-crom.jpg]
[www.mitsubishi-motors.com.vn/w/wp-content/uploads/2017/06/cot-lai-tu-do-va-ban-dap-phanh-tu-do.jpg]
[www.mitsubishi-motors.com.vn/w/wp-content/uploads/2017/06/op-bat-cua-ma-crom.jpg]
[www.mitsubishi-motors.com.vn/w/wp-content/uploads/2017/06/op-trang-tri-can-sau.jpg]
[mitsubishisavico.com.vn/san-pham/outlander-sport/index.html]
[mitsubishisavico.com.vn/san-pham/pajero-sport1/index.html]
[mitsubishisavico.com.vn/dich-vu-hau-mai/cuu-ho-giao-thong/index.html]
[mitsubishisavico.com.vn/public/fonts/glyphicons-halflings-regular.html]
[mitsubishisavico.com.vn/public/fonts/glyphicons-halflings-regulard41d.html]
[mitsubishisavico.com.vn/public/fonts/glyphicons-halflings-regular-2.html]
[mitsubishisavico.com.vn/public/fonts/glyphicons-halflings-regular-3.html]
[mitsubishisavico.com.vn/public/fonts/glyphicons-halflings-regular-4.html]
[mitsubishisavico.com.vn/public/fonts/glyphicons-halflings-regular-5.html]
[mitsubishisavico.com.vn/public/fonts/font-awesome/fontawesome-webfont.svg]
[mitsubishisavico.com.vn/public/fonts/slick/slick.svg]
[mitsubishisavico.com.vn/public/css/images/animated-overlay.html]
[mitsubishisavico.com.vn/public/css/images/ui-bg_highlight-soft_100_eeeeee_1x100.html]
[mitsubishisavico.com.vn/public/css/images/ui-bg_gloss-wave_35_f6a828_500x100.html]
[mitsubishisavico.com.vn/public/css/images/ui-bg_glass_100_f6f6f6_1x400.html]
[mitsubishisavico.com.vn/public/css/images/ui-bg_glass_100_fdf5ce_1x400.html]
[mitsubishisavico.com.vn/public/css/images/ui-bg_glass_65_ffffff_1x400.html]
[mitsubishisavico.com.vn/public/css/images/ui-bg_highlight-soft_75_ffe45c_1x100.html]
[mitsubishisavico.com.vn/public/css/images/ui-bg_diagonals-thick_18_b81900_40x40.html]
[mitsubishisavico.com.vn/public/css/images/ui-icons_222222_256x240.html]
[mitsubishisavico.com.vn/public/css/images/ui-icons_ffffff_256x240.html]
[mitsubishisavico.com.vn/public/css/images/ui-icons_ef8c08_256x240.html]
[mitsubishisavico.com.vn/public/css/images/ui-icons_228ef1_256x240.html]
[mitsubishisavico.com.vn/public/css/images/ui-icons_ffd27a_256x240.html]
[mitsubishisavico.com.vn/public/css/images/ui-bg_diagonals-thick_20_666666_40x40.html]
[mitsubishisavico.com.vn/public/css/images/ui-bg_flat_10_000000_40x100.html]
[mitsubishisavico.com.vn/public/img/icons/icon-specs.svg]
[mitsubishisavico.com.vn/public/img/icons/icon-price.svg]
[mitsubishisavico.com.vn/public/img/icons/icon-promotion.svg]
[mitsubishisavico.com.vn/public/img/icons/icon-drive.svg]
[mitsubishisavico.com.vn/public/img/icons/icon-dealer.svg]
[mitsubishisavico.com.vn/public/img/icons/icon-cost-small.svg]
[mitsubishisavico.com.vn/public/img/icons/icon-promotion-small.svg]
[mitsubishisavico.com.vn/public/img/icons/icon-drive-small.svg]
[mitsubishisavico.com.vn/public/img/icons/icon-dealer-small.svg]
[mitsubishisavico.com.vn/public/img/icons/icon-home.svg]
[mitsubishisavico.com.vn/public/img/icons/icon-star.svg]
[mitsubishisavico.com.vn/public/img/icons/icon-setting.svg]
[mitsubishisavico.com.vn/public/img/icons/icon-function.svg]
[mitsubishisavico.com.vn/public/img/icons/icon-gallery.svg]
[mitsubishisavico.com.vn/public/img/icons/icon-accessories.svg]
[mitsubishisavico.com.vn/public/img/icons/icon-find-road.svg]
[mitsubishisavico.com.vn/public/img/icons/icon-phone.svg]
[mitsubishisavico.com.vn/public/img/icons/icon-phone-small.svg]
[mitsubishisavico.com.vn/public/img/icons/icon-support.svg]
[mitsubishisavico.com.vn/public/img/icons/icon-customer.svg]
[mitsubishisavico.com.vn/public/img/icons/icon-email.svg]
[mitsubishisavico.com.vn/public/img/icons/icon-rss.svg]
[mitsubishisavico.com.vn/public/img/icons/icon-collapse.svg]
[mitsubishisavico.com.vn/public/img/icons/icon-download.svg]
[mitsubishisavico.com.vn/public/img/icons/icon-promotion-smoke.svg]
[mitsubishisavico.com.vn/public/img/icons/icon-promotion-red.svg]
[mitsubishisavico.com.vn/public/img/icons/icon-info-small.html]
[mitsubishisavico.com.vn/public/img/product/bg-review.html]
[www.mitsubishi-motors.com.vn/w/wp-content/uploads/2017/06/vien-che-mua1.jpg]
[mitsubishisavico.com.vn/tin-tuc/thong-bao-tuyen-dung-thang-12018-n600.html]
[mitsubishisavico.com.vn/dang-ky-lai-thu/index190a.html]
[mitsubishisavico.com.vn/dai-ly/index.html]
[www.mitsubishi-motors.com.vn/w/wp-content/uploads/2017/06/outlander.png]
[s3-ap-southeast-1.amazonaws.com/cdn.mitsubishi-motors.com.vn/media/30836/mirage-small.png]
[mitsubishisavico.com.vn/w/wp-content/uploads/2018/01/banner-ntd.jpg]
[s3-ap-southeast-1.amazonaws.com/cdn.mitsubishi-motors.com.vn/media/30835/attrage-small9a29.png]
[s3-ap-southeast-1.amazonaws.com/cdn.mitsubishi-motors.com.vn/media/30905/car-outlander-small.png]
[s3-ap-southeast-1.amazonaws.com/cdn.mitsubishi-motors.com.vn/media/63813/new-pajero-sport.png]
[s3-ap-southeast-1.amazonaws.com/cdn.mitsubishi-motors.com.vn/media/30834/triton-small.png]
[s3-ap-southeast-1.amazonaws.com/cdn.mitsubishi-motors.com.vn/media/30838/pajero-smallff6f.png]
[mitsubishisavico.com.vn/tin-tuc/-n597.html]
[mitsubishisavico.com.vn/tin-tuc/mitsubishi-viet-nam-gioi-thieu-4-phien-ban-eco-cua-mirage-va-attrage-gia-tu-380-trieu-n590.html]
[s3-ap-southeast-1.amazonaws.com/cdn.mitsubishi-motors.com.vn/media/30840/outlandersport-small0842.png]
[mitsubishisavico.com.vn/mirage/index.html]
[s3-ap-southeast-1.amazonaws.com/cdn.mitsubishi-motors.com.vn/media/63817/pajerosport-smallb3fd.png]
[mitsubishisavico.com.vn/tin-tuc/chuong-trinh-uu-dai-trong-thang-122017-8220xe-moi-chao-xuan-moi8221-n581.html]
[mitsubishisavico.com.vn/yeu-cau-bao-gia/index.html]
[mitsubishisavico.com.vn/attrage/index.html]
[mitsubishisavico.com.vn/outlander-sport/index.html]
[www.mitsubishi-motors.com.vn/w/wp-content/uploads/2017/10/Banner_website_1920x798_rgb.jpg]
[mitsubishisavico.com.vn/outlander/index.html]
[mitsubishisavico.com.vn/w/wp-content/uploads/2017/06/item_s19175_19012017092659-300x187.png]
[mitsubishisavico.com.vn/tin-tuc/thu-thach-tiet-kiem-nhien-lieu-8211-eco-drive-challenge-cung-mitsubishi-mirage-8211-attrage-n461.html]
[mitsubishisavico.com.vn/all-new-pajero-sport/index.html]
[mitsubishisavico.com.vn/pajero-sport/index.html]
[mitsubishisavico.com.vn/dang-ky-lai-thu/indexe371.html]
[mitsubishisavico.com.vn/dang-ky-lai-thu/index2e5f.html]
[mitsubishisavico.com.vn/dang-ky-lai-thu/indexa9bc.html]
[mitsubishisavico.com.vn/triton/index.html]
[mitsubishisavico.com.vn/tin-tuc/mitsubishi-outlander-2017-3-phien-ban-deu-la-52-nhap-nhat-gia-tu-983-trieu-n591.html]
[mitsubishisavico.com.vn/pajero/index.html]
[mitsubishisavico.com.vn/dang-ky-lai-thu/index6258.html]
[tuvanmuaxe.vn/upload/upload_img/images/Mitsubishi-Outlander-2016-tuvanmuaxe-12(1).jpg]
[mitsubishisavico.com.vn/w/wp-content/uploads/2017/05/doanh-so-2016-300x175.png]
[mitsubishisavico.com.vn/tin-tuc/doanh-so-ban-xe-mitsubishi-tai-viet-nam-nam-2016-n432.html]
[mitsubishisavico.com.vn/dang-ky-lai-thu/index9c8a.html]
[mitsubishisavico.com.vn/dang-ky-lai-thu/indexea25.html]
[mitsubishisavico.com.vn/tin-tuc/triton-mivec-pick-up-chuyen-cho-vuot-phan-khuc-n326.html]
[mitsubishisavico.com.vn/mua-xe/dang-ky-lai-thu/17/index.html]
[mitsubishisavico.com.vn/mua-xe/bao-gia-chi-tiet/17/index.html]
[mitsubishisavico.com.vn/mua-xe/dang-ky-lai-thu/18/index.html]
[mitsubishisavico.com.vn/mua-xe/bao-gia-chi-tiet/18/index.html]
[mitsubishisavico.com.vn/mua-xe/dang-ky-lai-thu/19/index.html]
[mitsubishisavico.com.vn/mua-xe/bao-gia-chi-tiet/19/index.html]
[mitsubishisavico.com.vn/mua-xe/dang-ky-lai-thu/23/index.html]
[mitsubishisavico.com.vn/mua-xe/bao-gia-chi-tiet/23/index.html]
[mitsubishisavico.com.vn/mua-xe/dang-ky-lai-thu/24/index.html]
[mitsubishisavico.com.vn/mua-xe/bao-gia-chi-tiet/24/index.html]
[mitsubishisavico.com.vn/mua-xe/dang-ky-lai-thu/104/index.html]
[mitsubishisavico.com.vn/mua-xe/bao-gia-chi-tiet/104/index.html]
[mitsubishisavico.com.vn/ajax/send_test_drive.html]
[mitsubishisavico.com.vn/ajax/send_detailed_quotes.html]
[mitsubishisavico.com.vn/public/img/tin-tuc/icon-waranty.svg]
[mitsubishisavico.com.vn/public/img/tin-tuc/icon-maintenance.svg]
[mitsubishisavico.com.vn/public/img/tin-tuc/icon-sparepart.svg]
[www.mitsubishi-motors.com.vn/w/wp-content/uploads/2017/06/img-11.jpg]
[mitsubishisavico.com.vn/phu-tung-chinh-hieu/dau-nhon-va-hoa-chat-i260.html]
[www.mitsubishi-motors.com.vn/w/wp-content/uploads/2017/06/drive_h21.jpg]
[www.mitsubishi-motors.com.vn/w/wp-content/uploads/2017/06/good_reason4.gif]
[www.mitsubishi-motors.com.vn/w/wp-content/uploads/2017/06/drive_h11.jpg]
[www.mitsubishi-motors.com.vn/w/wp-content/uploads/2017/06/what_happen_drive1.gif]
[www.mitsubishi-motors.com.vn/w/wp-content/uploads/2017/06/drive_h31.jpg]
[www.mitsubishi-motors.com.vn/w/wp-content/uploads/2017/06/genuine_text_left3.gif]
[mitsubishisavico.com.vn/phu-tung-chinh-hieu/day-curoa-i263.html]
[www.mitsubishi-motors.com.vn/w/wp-content/uploads/2017/06/drive_text_right.gif]
[www.mitsubishi-motors.com.vn/w/wp-content/uploads/2017/06/air_h2.jpg]
[www.mitsubishi-motors.com.vn/w/wp-content/uploads/2017/06/good_reason2.gif]
[www.mitsubishi-motors.com.vn/w/wp-content/uploads/2017/06/air_h1.jpg]
[www.mitsubishi-motors.com.vn/w/wp-content/uploads/2017/06/what_happen1.gif]
[www.mitsubishi-motors.com.vn/w/wp-content/uploads/2017/06/air_h31.jpg]
[www.mitsubishi-motors.com.vn/w/wp-content/uploads/2017/06/genuine_text_left1.gif]
[mitsubishisavico.com.vn/phu-tung-chinh-hieu/loc-gio-i266.html]
[www.mitsubishi-motors.com.vn/w/wp-content/uploads/2017/06/air_text_right.gif]
[www.mitsubishi-motors.com.vn/w/wp-content/uploads/2017/06/fuel_h2.jpg]
[www.mitsubishi-motors.com.vn/w/wp-content/uploads/2017/06/good_reason3.gif]
[www.mitsubishi-motors.com.vn/w/wp-content/uploads/2017/06/fuel_h11.jpg]
[www.mitsubishi-motors.com.vn/w/wp-content/uploads/2017/06/what_happen_fuel1.gif]
[www.mitsubishi-motors.com.vn/w/wp-content/uploads/2017/06/1200x628.png]
[www.mitsubishi-motors.com.vn/w/wp-content/uploads/2017/06/genuine_text_left2.gif]
[mitsubishisavico.com.vn/phu-tung-chinh-hieu/loc-nhien-lieu-i269.html]
[www.mitsubishi-motors.com.vn/w/wp-content/uploads/2017/06/fuel_text_right.gif]
[www.mitsubishi-motors.com.vn/w/wp-content/uploads/2017/06/oil_h2.jpg]
[www.mitsubishi-motors.com.vn/w/wp-content/uploads/2017/06/good_reason1.gif]
[www.mitsubishi-motors.com.vn/w/wp-content/uploads/2017/06/fuel_h31.jpg]
[www.mitsubishi-motors.com.vn/w/wp-content/uploads/2017/06/what_happen_oil.gif]
[www.mitsubishi-motors.com.vn/w/wp-content/uploads/2017/06/oil_h11.jpg]
[www.mitsubishi-motors.com.vn/w/wp-content/uploads/2017/06/genuine_text_left.gif]
[www.mitsubishi-motors.com.vn/w/wp-content/uploads/2017/06/oil_text_right.gif]
[mitsubishisavico.com.vn/phu-tung-chinh-hieu/loc-nhot-i272.html]
[www.mitsubishi-motors.com.vn/w/wp-content/uploads/2017/06/header_vn.jpg]
[www.mitsubishi-motors.com.vn/w/wp-content/uploads/2017/06/oil_h31.jpg]
[www.mitsubishi-motors.com.vn/w/wp-content/uploads/2017/06/body_1_vn.jpg]
[mitsubishisavico.com.vn/phu-tung-chinh-hieu/ma-phanh-i275.html]
[www.mitsubishi-motors.com.vn/w/wp-content/uploads/2017/06/header_vn1.jpg]
[www.mitsubishi-motors.com.vn/w/wp-content/uploads/2017/06/body_2_vn.jpg]
[www.mitsubishi-motors.com.vn/w/wp-content/uploads/2017/06/body_2_vn1.jpg]
[mitsubishisavico.com.vn/w/wp-content/uploads/2017/12/Mitsubishi_backdrop-4x3m.jpg]
[mitsubishisavico.com.vn/phu-tung-chinh-hieu/phu-kien-i278.html]
[mitsubishisavico.com.vn/phu-tung-chinh-hieu/value-selection-i281.html]
[mitsubishisavico.com.vn/ajax/send_schedule.html]
[www.mitsubishi-motors.com.vn/w/wp-content/uploads/2018/08/youtube-icon-block-png-3.png]
[www.mitsubishi-motors.com.vn/w/wp-content/uploads/2017/06/body_1_vn1.jpg]
[mitsubishisavico.com.vn/tin-tuc/bang-gia-xe-mitsubishi-thang-092018-m9568.html]
[www.mitsubishi-motors.com.vn/w/wp-content/uploads/2018/08/instaqram-300x3001.png]
[www.mitsubishi-motors.com.vn/w/wp-content/uploads/2017/06/body_3_vn.jpg]
[mitsubishisavico.com.vn/w/wp-content/uploads/2017/06/BANNER-2X5M.jpg]
[www.mitsubishi-motors.com.vn/w/wp-content/uploads/2018/08/Mitsubishi-motor-vs-doi-bong-phu-dong-le-bao-cong-75.jpg]
[www.mitsubishi-motors.com.vn/w/wp-content/uploads/2018/08/Mitsubishi-motor-vs-doi-bong-phu-dong-le-bao-cong-56.jpg]
[www.mitsubishi-motors.com.vn/w/wp-content/uploads/2018/08/Mitsubishi-motor-vs-doi-bong-phu-dong-le-bao-cong-45.jpg]
[www.mitsubishi-motors.com.vn/w/wp-content/uploads/2018/08/Mitsubishi-motor-vs-doi-bong-phu-dong-le-bao-cong-34.jpg]
[www.mitsubishi-motors.com.vn/w/wp-content/uploads/2018/08/Mitsubishi-motor-vs-doi-bong-phu-dong-le-bao-cong-32.jpg]
[mitsubishisavico.com.vn/tin-tuc/mitsubishi-motors-viet-nam-cung-clb-bong-da-phu-dong-mung-thang-giai-hang-nhat-quoc-gia-2019-m13569.html]
[www.mitsubishi-motors.com.vn/w/wp-content/uploads/2018/08/Mitsubishi-motor-vs-doi-bong-phu-dong-le-bao-cong-55.jpg]
[mitsubishisavico.com.vn/tin-tuc/mitsubishi-motors-viet-nam-trien-khai-chien-dich-cham-soc-khach-hang-thang-08-nam-2018-m13478.html]
[www.mitsubishi-motors.com.vn/w/wp-content/uploads/2017/06/new-pajero-sport-7.jpg]
[www.mitsubishi-motors.com.vn/w/wp-content/uploads/2018/08/Mitsubishi-motor-vs-doi-bong-phu-dong-le-bao-cong-3.jpg]
[www.mitsubishi-motors.com.vn/w/wp-content/uploads/2018/08/Mitsubishi-motor-vs-doi-bong-phu-dong-le-bao-cong-10.jpg]
[www.mitsubishi-motors.com.vn/w/wp-content/uploads/2018/08/14.png]
[www.mitsubishi-motors.com.vn/w/wp-content/uploads/2018/08/13.png]
[www.mitsubishi-motors.com.vn/w/wp-content/uploads/2018/08/12.png]
[www.mitsubishi-motors.com.vn/w/wp-content/uploads/2018/08/FB-post-1.png]
[www.mitsubishi-motors.com.vn/w/wp-content/uploads/2017/06/picture7.jpg]
[www.mitsubishi-motors.com.vn/w/wp-content/uploads/2018/08/Hộp-số-tự-động-8-cấp.jpg]
[www.mitsubishi-motors.com.vn/w/wp-content/uploads/2018/08/Capture3.png]
[www.mitsubishi-motors.com.vn/w/wp-content/uploads/2018/08/Capture2.png]
[www.mitsubishi-motors.com.vn/w/wp-content/uploads/2018/08/Capture1.png]
[mitsubishisavico.com.vn/tin-tuc/mitsubishi-pajero-sport-phien-ban-diesel-8211-manh-me-chinh-phuc-dia-hinh-gia-chi-tu-1062-trieu-dong-m13457.html]
[www.mitsubishi-motors.com.vn/w/wp-content/uploads/2018/08/Động-cơ-2.jpg]
[www.mitsubishi-motors.com.vn/w/wp-content/uploads/2018/08/Capture-4.png]
[www.mitsubishi-motors.com.vn/w/wp-content/uploads/2017/06/he-thong-phanh-abs-ebd-ba-new-pajero-sport-1.jpg]
[mitsubishisavico.com.vn/tin-tuc/mitsubishi-motors-viet-nam-khai-truong-trung-tam-dich-vu-8211-phu-tung-va-huan-luyen-m11278.html]
[www.mitsubishi-motors.com.vn/w/wp-content/uploads/2018/07/Recall-5.jpg]
[www.mitsubishi-motors.com.vn/w/wp-content/uploads/2018/07/Recall-4.jpg]
[www.mitsubishi-motors.com.vn/w/wp-content/uploads/2018/07/Recall-3.jpg]
[www.mitsubishi-motors.com.vn/w/wp-content/uploads/2018/07/Recall-2.jpg]
[www.mitsubishi-motors.com.vn/w/wp-content/uploads/2018/07/Recall-1.jpg]
[mitsubishisavico.com.vn/tin-tuc/cac-chuong-trinh-trieu-hoi-sua-chua-mien-phi-xe-mitsubishi-m11203.html]
[mitsubishisavico.com.vn/tin-tuc/trieu-hoi-thay-the-mien-phi-ro-le-dien-m9781.html]
[www.mitsubishi-motors.com.vn/w/wp-content/uploads/2018/08/DSC_9666.jpg]
[mitsubishisavico.com.vn/tin-tuc/mitsubishi-mirage-phien-ban-eco-co-gi-m9369.html]
[www.mitsubishi-motors.com.vn/w/wp-content/uploads/2018/08/DSC_9659.jpg]
[mitsubishisavico.com.vn/tin-tuc/le-xuat-xuong-xe-mitsubishi-outlander-m8600.html]
[www.mitsubishi-motors.com.vn/w/wp-content/uploads/2018/08/DSC_96661.jpg]
[mitsubishisavico.com.vn/tin-tuc/bo-cong-thuong-va-mitsubishi-motors-bat-tay-nghien-cuu-o-to-dien-m8500.html]
[www.mitsubishi-motors.com.vn/w/wp-content/uploads/2018/01/16MY_Outlander_Front_Hero_IMG_0204_lights.jpg]
[mitsubishisavico.com.vn/tin-tuc/ngon-ngu-thiet-ke-dep-thoi-lieu-da-du-m8441.html]
[www.mitsubishi-motors.com.vn/w/wp-content/uploads/2017/12/xedoisong_mitsubishi_motors_vietnam_teaser_outlander_2016_h1_nkza.jpg]
[mitsubishisavico.com.vn/tin-tuc/mitsubishi-outlander-moi-3-phien-ban-7-cho-nhieu-nang-cap-chat-luong-nhat-ban-m8440.html]
[www.mitsubishi-motors.com.vn/w/wp-content/uploads/2018/03/Mirage-MT-Eco-2.jpg]
[www.mitsubishi-motors.com.vn/w/wp-content/uploads/2017/12/maxresdefault1.jpg]
[mitsubishisavico.com.vn/tin-tuc/su-kien-noi-bat-c2/index4658.html]
[mitsubishisavico.com.vn/tin-tuc/ngon-ngu-thiet-ke-dynamic-shield-1-nam-va-1-the-ky-m7793.html]
[mitsubishisavico.com.vn/tin-tuc/su-kien-noi-bat-c2/index2679.html]
[mitsubishisavico.com.vn/tin-tuc/mung-sinh-nhat-lan-thu-1-8211-tri-an-khach-hang-n548.html]
[www.mitsubishi-motors.com.vn/w/wp-content/uploads/2017/11/dynamic-shield-thiet-ke-moi-nang-chat-mitsubishi-7f5c2-2509276_default.jpg]
[mitsubishisavico.com.vn/tin-tuc/ky-su-caravan-35-nam-savico-ky-2-tu-hao-que-huong-viet-nam-n497.html]
[www.mitsubishi-motors.com.vn/w/wp-content/uploads/2018/04/Outlander-Sport.jpg]
[www.mitsubishi-motors.com.vn/w/wp-content/uploads/2018/01/cover1.png]
[mitsubishisavico.com.vn/tin-tuc/ky-su-caravan-35-nam-savico-ky-1-ngay-dau-kho-quen-n495.html]
[mitsubishisavico.com.vn/tin-tuc/su-kien-noi-bat-c2/index9ba9.html]
[mitsubishisavico.com.vn/tin-tuc/le-xuat-phat-hanh-trinh-caravan-xuyen-viet-8211-35-nam-savico-n492.html]
[mitsubishisavico.com.vn/w/wp-content/uploads/2017/08/20170802171210840.jpg]
[mitsubishisavico.com.vn/tin-tuc/dong-sedan-cho-gia-dinh-tre-voi-gia-khoang-500-trieu-o-viet-nam-m1197.html]
[mitsubishisavico.com.vn/w/wp-content/uploads/2017/08/20294044_782614835197025_7277410201886541519_n.png]
[www.mitsubishi-motors.com.vn/w/wp-content/uploads/2017/05/mitsubishi-attragegallery-3_1490845101_vnex1.jpg]
[mitsubishisavico.com.vn/tin-tuc/chuong-trinh-lai-thu-038-chao-he-va-roadshow-cac-dong-xe-mitsubishi-tai-tp-da-nang-n418.html]
[mitsubishisavico.com.vn/tin-tuc/su-kien-noi-bat-c2/indexfdb0.html]
[mitsubishisavico.com.vn/w/wp-content/uploads/2017/08/20170801162956147.jpg]
[mitsubishisavico.com.vn/tin-tuc/cham-soc-xe-yeu-don-chao-nam-moi-n577.html]
[mitsubishisavico.com.vn/tin-tuc/mitsubishi-mirage-2017-chien-binh-sung-suc-moi-cua-de-che-xe-nhat-n422.html]
[mitsubishisavico.com.vn/tin-tuc/mirageattrage-bo-doi-than-thien-voi-moi-truong-n324.html]
[mitsubishisavico.com.vn/w/wp-content/uploads/2017/04/d894ada9713e966f1e4ae904e439d83f.jpg]
[mitsubishisavico.com.vn/tin-tuc/mitsubishi-mirage-moi-chinh-thuc-duoc-gioi-thieu-n288.html]
[mitsubishisavico.com.vn/tin-tuc/tin-tong-hop-c3/index4658.html]
[mitsubishisavico.com.vn/tin-tuc/tin-tong-hop-c3/index2679.html]
[mitsubishisavico.com.vn/tin-tuc/thong-bao-tuyen-dung-thang-82018-n666.html]
[mitsubishisavico.com.vn/tin-tuc/thong-bao-tuyen-dung-thang-112017-n541.html]
[mitsubishisavico.com.vn/tin-tuc/thong-bao-tuyen-dung-thang-92017-n510.html]
[mitsubishisavico.com.vn/w/wp-content/uploads/2017/05/Thumb-tuyen-dung-300x225.jpg]
[mitsubishisavico.com.vn/tin-tuc/thong-bao-tuyen-dung-thang-82017-n502.html]
[mitsubishisavico.com.vn/tin-tuc/thong-bao-tuyen-dung-thang-52017-n445.html]
[mitsubishisavico.com.vn/ajax/send_contact.html]
[mitsubishisavico.com.vn/dang-ky-lai-thu/indexe5cc.html]
[mitsubishisavico.com.vn/404.html]
[mitsubishisavico.com.vn/san-pham/all-new-pajero-sport/index.html]
[mitsubishisavico.com.vn/san-pham/pajero/index.html]
[mitsubishisavico.com.vn/mirage/index.html]
[mitsubishisavico.com.vn/yeu-cau-bao-gia/index.html]
[mitsubishisavico.com.vn/attrage/index.html]
[mitsubishisavico.com.vn/outlander-sport/index.html]
[mitsubishisavico.com.vn/outlander/index.html]
[mitsubishisavico.com.vn/all-new-pajero-sport/index.html]
[mitsubishisavico.com.vn/pajero-sport/index.html]
[mitsubishisavico.com.vn/dang-ky-lai-thu/index2e5f.html]
[mitsubishisavico.com.vn/triton/index.html]
[mitsubishisavico.com.vn/pajero/index.html]
[mitsubishisavico.com.vn/dang-ky-lai-thu/index6258.html]
[www.mitsubishi-motors.com.vn/w/wp-content/uploads/2018/04/Lancer-2.jpg]
[www.mitsubishi-motors.com.vn/w/wp-content/uploads/2018/04/Outlander-1.jpg]
[mitsubishisavico.com.vn/tin-tuc/trieu-hoi-thay-the-mien-phi-ro-le-dien-m9781.html]
[www.mitsubishi-motors.com.vn/w/wp-content/uploads/2017/06/Mitsubishi-Mirage-2018-08.jpg]
[www.mitsubishi-motors.com.vn/w/wp-content/uploads/2017/07/Capture.png]
[www.mitsubishi-motors.com.vn/w/wp-content/uploads/2018/03/Mirage-MT-Eco-3.jpg]
[www.mitsubishi-motors.com.vn/w/wp-content/uploads/2017/06/Mirage-4.jpg]
[www.mitsubishi-motors.com.vn/w/wp-content/uploads/2018/03/Capture-5.png]
[www.mitsubishi-motors.com.vn/w/wp-content/uploads/2017/11/Banner-Facebook-post-750x600-px-ConvertImage.jpg]
[www.mitsubishi-motors.com.vn/w/wp-content/uploads/2018/03/Capture-4.png]
[www.mitsubishi-motors.com.vn/w/wp-content/uploads/2018/03/Capture-3.png]
[mitsubishisavico.com.vn/tin-tuc/mitsubishi-mirage-phien-ban-eco-co-gi-m9369.html]
[www.mitsubishi-motors.com.vn/w/wp-content/uploads/2018/03/Capture-11.png]
[www.mitsubishi-motors.com.vn/w/wp-content/uploads/2018/01/18_out_Ge_16_GLS_Front.jpg]
[www.mitsubishi-motors.com.vn/w/wp-content/uploads/2018/01/18_out_Ge_16_GLS_Rear.jpg]
[www.mitsubishi-motors.com.vn/w/wp-content/uploads/2018/01/Outlander-edit.jpg]
[www.mitsubishi-motors.com.vn/w/wp-content/uploads/2018/01/Noi-that-Outlander-2017.jpg]
[www.mitsubishi-motors.com.vn/w/wp-content/uploads/2018/01/4.jpg]
[mitsubishisavico.com.vn/tin-tuc/le-xuat-xuong-xe-mitsubishi-outlander-m8600.html]
[www.mitsubishi-motors.com.vn/w/wp-content/uploads/2018/01/26734111_1590832084357933_2760670028540034522_n.jpg]
[www.mitsubishi-motors.com.vn/w/wp-content/uploads/2018/01/Outlander-7-seat-interior.jpg]
[www.mitsubishi-motors.com.vn/w/wp-content/uploads/2018/01/26906699_849570135225532_1858965981_o.jpg]
[www.mitsubishi-motors.com.vn/w/wp-content/uploads/2018/01/26942008_849570218558857_1480391267_o.jpg]
[mitsubishisavico.com.vn/tin-tuc/bo-cong-thuong-va-mitsubishi-motors-bat-tay-nghien-cuu-o-to-dien-m8500.html]
[www.mitsubishi-motors.com.vn/w/wp-content/uploads/2018/01/2_218718.jpg]
[www.mitsubishi-motors.com.vn/w/wp-content/uploads/2017/12/outlander-vanhanh-2.jpg]
[www.mitsubishi-motors.com.vn/w/wp-content/uploads/2017/06/pajero-sport-11.jpg]
[www.mitsubishi-motors.com.vn/w/wp-content/uploads/2017/12/Outlander-13.jpg]
[mitsubishisavico.com.vn/tin-tuc/ngon-ngu-thiet-ke-dep-thoi-lieu-da-du-m8441.html]
[www.mitsubishi-motors.com.vn/w/wp-content/uploads/2017/12/img_gls_03_off.jpg]
[www.mitsubishi-motors.com.vn/w/wp-content/uploads/2017/12/Outlander-31.jpg]
[www.mitsubishi-motors.com.vn/w/wp-content/uploads/2017/12/Mitsubishi-Outlander-2018-Gallery-04.jpg]
[www.mitsubishi-motors.com.vn/w/wp-content/uploads/2017/12/Outlander-32.jpg]
[www.mitsubishi-motors.com.vn/w/wp-content/uploads/2017/12/Untitled2.png]
[www.mitsubishi-motors.com.vn/w/wp-content/uploads/2017/12/khung-xe-rise.jpg]
[mitsubishisavico.com.vn/tin-tuc/mitsubishi-outlander-moi-3-phien-ban-7-cho-nhieu-nang-cap-chat-luong-nhat-ban-m8440.html]
[mitsubishisavico.com.vn/tin-tuc/su-kien-noi-bat-c2/index2679.html]
[www.mitsubishi-motors.com.vn/w/wp-content/uploads/2017/12/DSC01848.jpg]
[www.mitsubishi-motors.com.vn/w/wp-content/uploads/2017/11/2016-mitsubishi-outlander-6.jpg]
[mitsubishisavico.com.vn/w/wp-content/uploads/2017/11/SN.png]
[www.mitsubishi-motors.com.vn/w/wp-content/uploads/2017/11/image003.jpg]
[www.mitsubishi-motors.com.vn/w/wp-content/uploads/2017/11/image007.jpg]
[www.mitsubishi-motors.com.vn/w/wp-content/uploads/2017/11/image011.jpg]
[www.mitsubishi-motors.com.vn/w/wp-content/uploads/2017/11/image013.jpg]
[mitsubishisavico.com.vn/tin-tuc/ngon-ngu-thiet-ke-dynamic-shield-1-nam-va-1-the-ky-m7793.html]
[www.mitsubishi-motors.com.vn/w/wp-content/uploads/2017/11/image005.jpg]
[mitsubishisavico.com.vn/tin-tuc/mung-sinh-nhat-lan-thu-1-8211-tri-an-khach-hang-n548.html]
[otos.vn/otosvn/images/media/20170802171211809.jpg]
[otos.vn/otosvn/images/media/20170802171207746.jpg]
[otos.vn/otosvn/images/media/20170802171210840.jpg]
[otos.vn/otosvn/images/media/20170802171209793.jpg]
[otos.vn/otosvn/images/media/20170802171207137.jpg]
[otos.vn/otosvn/images/media/20170802171146309.jpg]
[otos.vn/otosvn/images/media/20170802171147246.jpg]
[mitsubishisavico.com.vn/w/wp-content/uploads/2017/11/Sinh-Nhat-1920-x-768.jpg]
[otos.vn/otosvn/images/media/20170802171148652.jpg]
[www.mitsubishi-motors.com.vn/w/wp-content/uploads/2017/11/Dynamic-shield.gif]
[otos.vn/otosvn/images/media/20170802171150981.jpg]
[otos.vn/otosvn/images/media/20170802171155715.jpg]
[otos.vn/otosvn/images/media/20170802171152168.jpg]
[otos.vn/otosvn/images/media/20170802171201434.jpg]
[otos.vn/otosvn/images/media/20170802171202168.jpg]
[otos.vn/otosvn/images/media/20170802171144418.jpg]
[otos.vn/otosvn/images/media/20170802171202731.jpg]
[otos.vn/otosvn/images/media/20170802171204106.jpg]
[otos.vn/otosvn/images/media/20170802171205528.jpg]
[otos.vn/otosvn/images/media/20170802171140902.jpg]
[otos.vn/otosvn/images/media/20170802171139731.jpg]
[otos.vn/otosvn/images/media/20170802171158434.jpg]
[otos.vn/otosvn/images/media/20170802171152934.jpg]
[otos.vn/otosvn/images/media/20170802171137793.jpg]
[otos.vn/otosvn/images/media/20170802171133043.jpg]
[otos.vn/otosvn/images/media/20170802171131731.jpg]
[otos.vn/otosvn/images/media/20170802171129996.jpg]
[otos.vn/otosvn/images/media/20170802171206215.jpg]
[otos.vn/otosvn/images/media/20170802171159402.jpg]
[otos.vn/otosvn/images/media/20170802171145215.jpg]
[otos.vn/otosvn/images/media/20170802171145793.jpg]
[otos.vn/otosvn/images/media/20170802171128668.jpg]
[mitsubishisavico.com.vn/tin-tuc/ky-su-caravan-35-nam-savico-ky-2-tu-hao-que-huong-viet-nam-n497.html]
[otos.vn/otosvn/images/media/20170801162955975.jpg]
[otos.vn/otosvn/images/media/20170801162954537.jpg]
[otos.vn/otosvn/images/media/20170801162915100.jpg]
[otos.vn/otosvn/images/media/20170801162915787.jpg]
[otos.vn/otosvn/images/media/20170801162916178.jpg]
[otos.vn/otosvn/images/media/20170801162916506.jpg]
[otos.vn/otosvn/images/media/20170801162916818.jpg]
[otos.vn/otosvn/images/media/20170801162920662.jpg]
[otos.vn/otosvn/images/media/20170801162921350.jpg]
[otos.vn/otosvn/images/media/20170801162919584.jpg]
[otos.vn/otosvn/images/media/20170801162947240.jpg]
[otos.vn/otosvn/images/media/20170801162947943.jpg]
[otos.vn/otosvn/images/media/20170801162927475.jpg]
[otos.vn/otosvn/images/media/20170801162926865.jpg]
[otos.vn/otosvn/images/media/20170801162953100.jpg]
[otos.vn/otosvn/images/media/20170801162942021.jpg]
[otos.vn/otosvn/images/media/20170801162950709.jpg]
[otos.vn/otosvn/images/media/20170801162944037.jpg]
[otos.vn/otosvn/images/media/20170801162948787.jpg]
[otos.vn/otosvn/images/media/20170801162956147.jpg]
[otos.vn/otosvn/images/media/20170801162947521.jpg]
[otos.vn/otosvn/images/media/20170801162947068.jpg]
[otos.vn/otosvn/images/media/20170801162951834.jpg]
[otos.vn/otosvn/images/media/20170801162952147.jpg]
[otos.vn/otosvn/images/media/20170801162952740.jpg]
[otos.vn/otosvn/images/media/20170802004439471.jpg]
[otos.vn/otosvn/images/media/20170802004603643.jpg]
[mitsubishisavico.com.vn/tin-tuc/ky-su-caravan-35-nam-savico-ky-1-ngay-dau-kho-quen-n495.html]
[www.savico.com.vn/public/upload/caravan_savico_01.jpg]
[www.savico.com.vn/public/upload/caravan_savico_02.jpg]
[www.savico.com.vn/public/upload/caravan_savico_05.jpg]
[www.savico.com.vn/public/upload/caravan_savico_04.jpg]
[mitsubishisavico.com.vn/tin-tuc/le-xuat-phat-hanh-trinh-caravan-xuyen-viet-8211-35-nam-savico-n492.html]
[www.mitsubishi-motors.com.vn/w/wp-content/uploads/2017/05/attrage-2_1490848674_vnex.jpg]
[mitsubishisavico.com.vn/tin-tuc/dong-sedan-cho-gia-dinh-tre-voi-gia-khoang-500-trieu-o-viet-nam-m1197.html]
[www.mitsubishi-motors.com.vn/w/wp-content/uploads/2017/05/exterior2_1490845891_vnex.jpg]
[mitsubishisavico.com.vn/tin-tuc/chuong-trinh-lai-thu-038-chao-he-va-roadshow-cac-dong-xe-mitsubishi-tai-tp-da-nang-n418.html]
[www.mitsubishi-motors.com.vn/w/wp-content/uploads/2017/05/mitsubishi-attragegallery-3_1490845101_vnex.jpg]
[mitsubishisavico.com.vn/w/wp-content/uploads/2017/05/baner-LAI-THU-300x155.png]
[mitsubishisavico.com.vn/w/wp-content/uploads/2017/05/baner-LAI-THU.png]
[mitsubishisavico.com.vn/tin-tuc/mirageattrage-bo-doi-than-thien-voi-moi-truong-n324.html]
[mitsubishisavico.com.vn/tin-tuc/mitsubishi-mirage-moi-chinh-thuc-duoc-gioi-thieu-n288.html]
[mitsubishisavico.com.vn/tin-tuc/tin-tong-hop-c3/index2679.html]
[mitsubishisavico.com.vn/404.html]
[mitsubishisavico.com.vn/public/img/404-banner-dt.jpg]
[www.xehoinfo.com/article/wp-content/uploads/2017/03/Mirage-All-New-1.jpg]
[www.xehoinfo.com/article/wp-content/uploads/2017/03/mitsubishi-mirage.png]
[www.xehoinfo.com/article/wp-content/uploads/2017/03/Dong-co-MIVEC.jpg]
[www.xehoinfo.com/article/wp-content/uploads/2017/03/Hop-so-CVT-INVECS-III.jpg]
[www.xehoinfo.com/article/wp-content/uploads/2017/03/Dau-xe-can-truoc-vien-crom.jpg]
[www.xehoinfo.com/article/wp-content/uploads/2017/03/Dau-xe-va-ban-kinh-vong-quay.jpg]
[www.xehoinfo.com/article/wp-content/uploads/2017/03/Mam-banh-xe.jpg]
[www.xehoinfo.com/article/wp-content/uploads/2017/03/Than-xe-thiet-ke-khi-dong-hoc.jpg]
[www.xehoinfo.com/article/wp-content/uploads/2017/03/Duoi-xe-va-than-xe.jpg]
[www.xehoinfo.com/article/wp-content/uploads/2017/03/Khoang-noi-that.jpg]
[www.xehoinfo.com/article/wp-content/uploads/2017/03/Man-hinh-hien-thi-da-thong-tin.jpg]
[www.xehoinfo.com/article/wp-content/uploads/2017/03/Cum-dong-ho.jpg]
[www.xehoinfo.com/article/wp-content/uploads/2017/03/Vo-lang-tro-luc-dien.jpg]
[www.xehoinfo.com/article/wp-content/uploads/2017/03/Ghe-gap-60-40.jpg]
[www.xehoinfo.com/article/wp-content/uploads/2017/03/Khay-dung-hanh-ly.jpg]
[www.xehoinfo.com/article/wp-content/uploads/2017/03/OSS.jpg]
[www.xehoinfo.com/article/wp-content/uploads/2017/03/Dieu-hoa-tu-dong.jpg]
[www.xehoinfo.com/article/wp-content/uploads/2017/03/He-thong-giai-tri-cao-cap.jpg]
[www.xehoinfo.com/article/wp-content/uploads/2017/03/Khung-xe-RISE-an-toan.jpg]
